Archive member included to satisfy reference by file (symbol)

C:/devkitPro/libogc/lib/wii\libwiiuse.a(wpad.o)
                              main.o (WPAD_SetDataFormat)
C:/devkitPro/libogc/lib/wii\libwiiuse.a(motion_plus.o)
                              C:/devkitPro/libogc/lib/wii\libwiiuse.a(wpad.o) (wiiuse_set_motion_plus)
C:/devkitPro/libogc/lib/wii\libwiiuse.a(dynamics.o)
                              C:/devkitPro/libogc/lib/wii\libwiiuse.a(wpad.o) (calculate_gforce)
C:/devkitPro/libogc/lib/wii\libwiiuse.a(io.o)
                              C:/devkitPro/libogc/lib/wii\libwiiuse.a(motion_plus.o) (wiiuse_disable_expansion)
C:/devkitPro/libogc/lib/wii\libwiiuse.a(io_wii.o)
                              C:/devkitPro/libogc/lib/wii\libwiiuse.a(wpad.o) (__wiiuse_sensorbar_enable)
C:/devkitPro/libogc/lib/wii\libwiiuse.a(ir.o)
                              C:/devkitPro/libogc/lib/wii\libwiiuse.a(motion_plus.o) (wiiuse_set_ir_mode)
C:/devkitPro/libogc/lib/wii\libwiiuse.a(nunchuk.o)
                              C:/devkitPro/libogc/lib/wii\libwiiuse.a(io.o) (nunchuk_handshake)
C:/devkitPro/libogc/lib/wii\libwiiuse.a(wiiboard.o)
                              C:/devkitPro/libogc/lib/wii\libwiiuse.a(io.o) (wii_board_handshake)
C:/devkitPro/libogc/lib/wii\libwiiuse.a(wiiuse.o)
                              C:/devkitPro/libogc/lib/wii\libwiiuse.a(wpad.o) (wiiuse_init)
C:/devkitPro/libogc/lib/wii\libwiiuse.a(speaker.o)
                              C:/devkitPro/libogc/lib/wii\libwiiuse.a(wpad.o) (wencdata)
C:/devkitPro/libogc/lib/wii\libwiiuse.a(classic.o)
                              C:/devkitPro/libogc/lib/wii\libwiiuse.a(io.o) (classic_ctrl_handshake)
C:/devkitPro/libogc/lib/wii\libwiiuse.a(events.o)
                              C:/devkitPro/libogc/lib/wii\libwiiuse.a(io_wii.o) (parse_event)
C:/devkitPro/libogc/lib/wii\libwiiuse.a(guitar_hero_3.o)
                              C:/devkitPro/libogc/lib/wii\libwiiuse.a(io.o) (guitar_hero_3_handshake)
C:/devkitPro/libogc/lib/wii\libbte.a(bte.o)
                              C:/devkitPro/libogc/lib/wii\libwiiuse.a(wpad.o) (BTE_Init)
C:/devkitPro/libogc/lib/wii\libbte.a(hci.o)
                              C:/devkitPro/libogc/lib/wii\libbte.a(bte.o) (hci_init)
C:/devkitPro/libogc/lib/wii\libbte.a(l2cap.o)
                              C:/devkitPro/libogc/lib/wii\libbte.a(bte.o) (l2cap_init)
C:/devkitPro/libogc/lib/wii\libbte.a(btmemb.o)
                              C:/devkitPro/libogc/lib/wii\libbte.a(bte.o) (btmemb_init)
C:/devkitPro/libogc/lib/wii\libbte.a(btmemr.o)
                              C:/devkitPro/libogc/lib/wii\libbte.a(hci.o) (btmemr_init)
C:/devkitPro/libogc/lib/wii\libbte.a(btpbuf.o)
                              C:/devkitPro/libogc/lib/wii\libbte.a(hci.o) (btpbuf_init)
C:/devkitPro/libogc/lib/wii\libbte.a(physbusif.o)
                              C:/devkitPro/libogc/lib/wii\libbte.a(bte.o) (physbusif_init)
C:/devkitPro/libogc/lib/wii\libogc.a(console.o)
                              main.o (CON_Init)
C:/devkitPro/libogc/lib/wii\libogc.a(lwp_queue.o)
                              C:/devkitPro/libogc/lib/wii\libwiiuse.a(io_wii.o) (__lwp_queue_initialize)
C:/devkitPro/libogc/lib/wii\libogc.a(lwp_threads.o)
                              C:/devkitPro/libogc/lib/wii\libwiiuse.a(wpad.o) (_thread_dispatch_disable_level)
C:/devkitPro/libogc/lib/wii\libogc.a(lwp.o)
                              C:/devkitPro/libogc/lib/wii\libbte.a(bte.o) (LWP_InitQueue)
C:/devkitPro/libogc/lib/wii\libogc.a(lwp_handler.o)
                              C:/devkitPro/libogc/lib/wii\libogc.a(lwp_threads.o) (_cpu_context_save_fp)
C:/devkitPro/libogc/lib/wii\libogc.a(lwp_stack.o)
                              C:/devkitPro/libogc/lib/wii\libogc.a(lwp_threads.o) (__lwp_stack_allocate)
C:/devkitPro/libogc/lib/wii\libogc.a(lwp_watchdog.o)
                              C:/devkitPro/libogc/lib/wii\libogc.a(lwp_threads.o) (__lwp_wd_insert)
C:/devkitPro/libogc/lib/wii\libogc.a(lwp_wkspace.o)
                              C:/devkitPro/libogc/lib/wii\libwiiuse.a(motion_plus.o) (__wkspace_heap)
C:/devkitPro/libogc/lib/wii\libogc.a(lwp_objmgr.o)
                              C:/devkitPro/libogc/lib/wii\libogc.a(lwp.o) (__lwp_objmgr_initinfo)
C:/devkitPro/libogc/lib/wii\libogc.a(lwp_heap.o)
                              C:/devkitPro/libogc/lib/wii\libogc.a(lwp_wkspace.o) (__lwp_heap_init)
C:/devkitPro/libogc/lib/wii\libogc.a(sys_state.o)
                              C:/devkitPro/libogc/lib/wii\libogc.a(lwp_threads.o) (_sys_state_curr)
C:/devkitPro/libogc/lib/wii\libogc.a(irq.o)
                              C:/devkitPro/libogc/lib/wii\libwiiuse.a(io_wii.o) (IRQ_Disable)
C:/devkitPro/libogc/lib/wii\libogc.a(video.o)
                              C:/devkitPro/libogc/lib/wii\libogc.a(console.o) (VIDEO_GetCurrentFramebuffer)
C:/devkitPro/libogc/lib/wii\libogc.a(system.o)
[...]
Memory Configuration

Name             Origin             Length             Attributes
*default*        0x0000000000000000 0xffffffffffffffff

Linker script and memory map

                0x0000000000003400                . = 0x3400

.stub
 *(.stub)
                0x0000000080004000                . = 0x80004000

.init           0x0000000080004000      0x194
 *crt0.o(*.init)
 .init          0x0000000080004000      0x170 C:/devkitPro/libogc/lib/wii\libogc.a(ogc_crt0.o)
                0x0000000080004000                _start
                0x0000000080004140                _memset
 *(.init)
 .init          0x0000000080004170        0xc c:/devkitpro/devkitppc/bin/../lib/gcc/powerpc-eabi/10.2.0/ecrti.o
                0x0000000080004170                __init
 .init          0x000000008000417c        0x4 c:/devkitpro/devkitppc/bin/../lib/gcc/powerpc-eabi/10.2.0/crtbegin.o
 .init          0x0000000080004180        0x4 c:/devkitpro/devkitppc/bin/../lib/gcc/powerpc-eabi/10.2.0/crtend.o
 .init          0x0000000080004184       0x10 c:/devkitpro/devkitppc/bin/../lib/gcc/powerpc-eabi/10.2.0/ecrtn.o

.rela.dyn       0x0000000080004194        0x0
 .rela.iplt     0x0000000080004194        0x0 c:/devkitpro/devkitppc/bin/../lib/gcc/powerpc-eabi/10.2.0/crtbegin.o

.plt
 *(.plt)

.interp
 *(.interp)

.hash
 *(.hash)

.dynsym
 *(.dynsym)

.dynstr
 *(.dynstr)

.gnu.version
 *(.gnu.version)

.gnu.version_d
 *(.gnu.version_d)

.gnu.version_r
 *(.gnu.version_r)

.rel.init
 *(.rel.init)

.rela.init      0x0000000080004194        0x0
 *(.rela.init)
 .rela.init     0x0000000080004194        0x0 c:/devkitpro/devkitppc/bin/../lib/gcc/powerpc-eabi/10.2.0/crtbegin.o

.rel.text
 *(.rel.text .rel.text.* .rel.gnu.linkonce.t.*)

.rela.text      0x0000000080004194        0x0
 *(.rela.text .rela.text.* .rela.gnu.linkonce.t.*)
 .rela.text.deregister_tm_clones
                0x0000000080004194        0x0 c:/devkitpro/devkitppc/bin/../lib/gcc/powerpc-eabi/10.2.0/crtbegin.o
 .rela.text.register_tm_clones
                0x0000000080004194        0x0 c:/devkitpro/devkitppc/bin/../lib/gcc/powerpc-eabi/10.2.0/crtbegin.o
 .rela.text.__do_global_dtors_aux
                0x0000000080004194        0x0 c:/devkitpro/devkitppc/bin/../lib/gcc/powerpc-eabi/10.2.0/crtbegin.o
 .rela.text.frame_dummy
                0x0000000080004194        0x0 c:/devkitpro/devkitppc/bin/../lib/gcc/powerpc-eabi/10.2.0/crtbegin.o
 .rela.text.__lwp_sysinit
                0x0000000080004194        0x0 c:/devkitpro/devkitppc/bin/../lib/gcc/powerpc-eabi/10.2.0/crtbegin.o
 .rela.text.__irq_init
                0x0000000080004194        0x0 c:/devkitpro/devkitppc/bin/../lib/gcc/powerpc-eabi/10.2.0/crtbegin.o
 .rela.text.SYS_Init
                0x0000000080004194        0x0 c:/devkitpro/devkitppc/bin/../lib/gcc/powerpc-eabi/10.2.0/crtbegin.o
 .rela.text.__CheckARGV
                0x0000000080004194        0x0 c:/devkitpro/devkitppc/bin/../lib/gcc/powerpc-eabi/10.2.0/crtbegin.o
 .rela.text.__GX_InitRevBits
                0x0000000080004194        0x0 c:/devkitpro/devkitppc/bin/../lib/gcc/powerpc-eabi/10.2.0/crtbegin.o
 .rela.text.GX_AbortFrame
                0x0000000080004194        0x0 c:/devkitpro/devkitppc/bin/../lib/gcc/powerpc-eabi/10.2.0/crtbegin.o

.rel.fini
 *(.rel.fini)

.rela.fini
 *(.rela.fini)

.rel.rodata
 *(.rel.rodata .rel.rodata.* .rel.gnu.linkonce.r.*)

.rela.rodata
 *(.rela.rodata .rela.rodata.* .rela.gnu.linkonce.r.*)

.rel.data
 *(.rel.data .rel.data.* .rel.gnu.linkonce.d.*)

.rela.data
 *(.rela.data .rela.data.* .rela.gnu.linkonce.d.*)

.rel.tdata
 *(.rel.tdata .rel.tdata.* .rel.gnu.linkonce.td.*)

.rela.tdata
 *(.rela.tdata .rela.tdata.* .rela.gnu.linkonce.td.*)

.rel.tbss
 *(.rel.tbss .rel.tbss.* .rel.gnu.linkonce.tb.*)

.rela.tbss
 *(.rela.tbss .rela.tbss.* .rela.gnu.linkonce.tb.*)

.rel.ctors
 *(.rel.ctors)

.rela.ctors
 *(.rela.ctors)

.rel.dtors
 *(.rel.dtors)

.rela.dtors
 *(.rela.dtors)

.rel.got
 *(.rel.got)

.rela.got
 *(.rela.got)

.rela.got1
 *(.rela.got1)

.rela.got2
 *(.rela.got2)

.rel.sdata
 *(.rel.sdata .rel.sdata.* .rel.gnu.linkonce.s.*)

.rela.sdata
 *(.rela.sdata .rela.sdata.* .rela.gnu.linkonce.s.*)

.rel.sbss
 *(.rel.sbss .rel.sbss.* .rel.gnu.linkonce.sb.*)

.rela.sbss
 *(.rela.sbss .rela.sbss.* .rel.gnu.linkonce.sb.*)

.rel.sdata2
 *(.rel.sdata2 .rel.sdata2.* .rel.gnu.linkonce.s2.*)

.rela.sdata2    0x0000000080004194        0x0
 *(.rela.sdata2 .rela.sdata2.* .rela.gnu.linkonce.s2.*)
 .rela.sdata2.__sys_inIPL
                0x0000000080004194        0x0 c:/devkitpro/devkitppc/bin/../lib/gcc/powerpc-eabi/10.2.0/crtbegin.o

.rel.sbss2
 *(.rel.sbss2 .rel.sbss2.* .rel.gnu.linkonce.sb2.*)

.rela.sbss2
 *(.rela.sbss2 .rela.sbss2.* .rela.gnu.linkonce.sb2.*)

.rel.bss
 *(.rel.bss .rel.bss.* .rel.gnu.linkonce.b.*)

.rela.bss
 *(.rela.bss .rela.bss.* .rela.gnu.linkonce.b.*)

.rel.plt
 *(.rel.plt)

.rela.plt
 *(.rela.plt)

.text           0x00000000800041a0    0x4a700
 *(.text)
 .text          0x00000000800041a0      0x44c C:/devkitPro/libogc/lib/wii\libogc.a(lwp_handler.o)
                0x00000000800041a0                _cpu_context_save_fp
                0x00000000800042e0                _cpu_context_restore_fp
                0x0000000080004420                _cpu_context_switch
                0x0000000080004500                _cpu_context_save
                0x0000000080004580                _cpu_context_restore
 .text          0x00000000800045ec      0x4a0 C:/devkitPro/libogc/lib/wii\libogc.a(system_asm.o)
                0x00000000800045ec                __realmode
                0x0000000080004604                __configBATS
                0x0000000080004734                __InitFPRS
                0x0000000080004860                __InitPS
                0x00000000800048bc                __InitCache
                0x0000000080004914                __InitSystem
                0x000000008000499c                __flush_cache
                0x00000000800049d0                __reset
                0x0000000080004a40                __InitBATS
                0x0000000080004a5c                SYS_SwitchFiber
 .text          0x0000000080004a8c      0x1ac C:/devkitPro/libogc/lib/wii\libogc.a(irq_handler.o)
                0x0000000080004a8c                irq_exceptionhandler
 .text          0x0000000080004c38      0x4f4 C:/devkitPro/libogc/lib/wii\libogc.a(cache_asm.o)
                0x0000000080004c38                DCFlashInvalidate
                0x0000000080004c4c                DCEnable
                0x0000000080004c60                DCDisable
                0x0000000080004c74                DCFreeze
                0x0000000080004c88                DCUnfreeze
                0x0000000080004c9c                DCTouchLoad
                0x0000000080004ca4                DCBlockZero
                0x0000000080004cac                DCBlockStore
                0x0000000080004cb4                DCBlockFlush
                0x0000000080004cbc                DCBlockInvalidate
                0x0000000080004cc4                DCInvalidateRange
                0x0000000080004cf4                DCFlushRange
                0x0000000080004d28                DCStoreRange
                0x0000000080004d5c                DCFlushRangeNoSync
                0x0000000080004d8c                DCStoreRangeNoSync
                0x0000000080004dbc                DCZeroRange
                0x0000000080004dec                DCTouchRange
                0x0000000080004e1c                ICInvalidateRange
                0x0000000080004e54                ICFlashInvalidate
                0x0000000080004e68                ICEnable
                0x0000000080004e7c                ICDisable
                0x0000000080004e90                ICFreeze
                0x0000000080004ea4                ICUnfreeze
                0x0000000080004eb8                ICBlockInvalidate
                0x0000000080004ec0                ICSync
                0x0000000080004ec8                L2Init
                0x0000000080004f10                L2Enable
                0x0000000080004f2c                L2Disable
                0x0000000080004f44                L2GlobalInvalidate
                0x0000000080004f9c                __LCEnable
                0x0000000080005068                LCDisable
                0x0000000080005090                LCAllocOneTag
                0x00000000800050a4                LCAllocTags
                0x00000000800050e4                LCLoadBlocks
                0x0000000080005108                LCStoreBlocks
 .text          0x000000008000512c      0x1ac C:/devkitPro/libogc/lib/wii\libogc.a(decrementer_handler.o)
                0x000000008000512c                dec_exceptionhandler
 .text          0x00000000800052d8      0x35c C:/devkitPro/libogc/lib/wii\libogc.a(exception_handler.o)
                0x00000000800052d8                exceptionhandler_start
                0x0000000080005354                exceptionhandler_patch
                0x0000000080005388                exceptionhandler_end
                0x000000008000538c                default_exceptionhandler
                0x00000000800054bc                fpu_exceptionhandler
                0x0000000080005604                systemcallhandler_start
                0x0000000080005630                systemcallhandler_end
 .text          0x0000000080005634      0x86c c:/devkitpro/devkitppc/bin/../lib/gcc/powerpc-eabi/10.2.0/../../../../powerpc-eabi/lib\libjpeg.a(jpgogc.o)
                0x00000000800057a8                JPEG_CopyToBuffer
                0x00000000800059c0                JPEG_Decompress
 .text          0x0000000080005ea0      0x1a0 c:/devkitpro/devkitppc/bin/../lib/gcc/powerpc-eabi/10.2.0/../../../../powerpc-eabi/lib\libjpeg.a(jmemsrc.o)
                0x0000000080005f8c                jpeg_memory_src
 .text          0x0000000080006040      0x7f8 c:/devkitpro/devkitppc/bin/../lib/gcc/powerpc-eabi/10.2.0/../../../../powerpc-eabi/lib\libjpeg.a(jdapimin.o)
                0x0000000080006040                jpeg_CreateDecompress
                0x0000000080006188                jpeg_destroy_decompress
                0x00000000800061a8                jpeg_abort_decompress
                0x00000000800061c8                jpeg_consume_input
                0x0000000080006518                jpeg_read_header
                0x0000000080006604                jpeg_input_complete
                0x0000000080006684                jpeg_has_multiple_scans
                0x0000000080006704                jpeg_finish_decompress
 .text          0x0000000080006838      0x78c c:/devkitpro/devkitppc/bin/../lib/gcc/powerpc-eabi/10.2.0/../../../../powerpc-eabi/lib\libjpeg.a(jdapistd.o)
                0x00000000800069e4                jpeg_start_decompress
                0x0000000080006b90                jpeg_read_scanlines
                0x0000000080006cb4                jpeg_read_raw_data
                0x0000000080006e20                jpeg_start_output
                0x0000000080006ecc                jpeg_finish_output
 .text          0x0000000080006fc4      0x7f8 c:/devkitpro/devkitppc/bin/../lib/gcc/powerpc-eabi/10.2.0/../../../../powerpc-eabi/lib\libjpeg.a(jdinput.o)
                0x0000000080007734                jinit_input_controller
 .text          0x00000000800077bc     0x2734 c:/devkitpro/devkitppc/bin/../lib/gcc/powerpc-eabi/10.2.0/../../../../powerpc-eabi/lib\libjpeg.a(jdmarker.o)
                0x0000000080009a58                jpeg_resync_to_restart
                0x0000000080009c80                jinit_marker_reader
                0x0000000080009d34                jpeg_save_markers
                0x0000000080009e6c                jpeg_set_marker_processor
 .text          0x0000000080009ef0      0xae8 c:/devkitpro/devkitppc/bin/../lib/gcc/powerpc-eabi/10.2.0/../../../../powerpc-eabi/lib\libjpeg.a(jdmaster.o)
                0x0000000080009fc4                jpeg_calc_output_dimensions
                0x000000008000a53c                jpeg_new_colormap
                0x000000008000a614                jinit_master_decompress
 .text          0x000000008000a9d8      0x6d8 c:/devkitpro/devkitppc/bin/../lib/gcc/powerpc-eabi/10.2.0/../../../../powerpc-eabi/lib\libjpeg.a(jdmerge.o)
                0x000000008000aec8                jinit_merged_upsampler
 .text          0x000000008000b0b0     0x10f4 c:/devkitpro/devkitppc/bin/../lib/gcc/powerpc-eabi/10.2.0/../../../../powerpc-eabi/lib\libjpeg.a(jdphuff.o)
                0x000000008000c0dc                jinit_phuff_decoder
 .text          0x000000008000c1a4      0x5d4 c:/devkitpro/devkitppc/bin/../lib/gcc/powerpc-eabi/10.2.0/../../../../powerpc-eabi/lib\libjpeg.a(jdpostct.o)
                0x000000008000c660                jinit_d_post_controller
 .text          0x000000008000c778      0x95c c:/devkitpro/devkitppc/bin/../lib/gcc/powerpc-eabi/10.2.0/../../../../powerpc-eabi/lib\libjpeg.a(jdsample.o)
                0x000000008000cdd8                jinit_upsampler
 .text          0x000000008000d0d4      0x2b8 c:/devkitpro/devkitppc/bin/../lib/gcc/powerpc-eabi/10.2.0/../../../../powerpc-eabi/lib\libjpeg.a(jerror.o)
                0x000000008000d31c                jpeg_std_error
 .text          0x000000008000d38c     0x1524 c:/devkitpro/devkitppc/bin/../lib/gcc/powerpc-eabi/10.2.0/../../../../powerpc-eabi/lib\libjpeg.a(jmemmgr.o)
                0x000000008000e6ec                jinit_memory_mgr
 .text          0x000000008000e8b0       0xd8 c:/devkitpro/devkitppc/bin/../lib/gcc/powerpc-eabi/10.2.0/../../../../powerpc-eabi/lib\libjpeg.a(jmemnobs.o)
                0x000000008000e8b0                jpeg_get_small
                0x000000008000e8d4                jpeg_free_small
                0x000000008000e8f8                jpeg_get_large
                0x000000008000e91c                jpeg_free_large
                0x000000008000e940                jpeg_mem_available
                0x000000008000e948                jpeg_open_backing_store
                0x000000008000e97c                jpeg_mem_init
                0x000000008000e984                jpeg_mem_term
 .text          0x000000008000e988      0xf70 c:/devkitpro/devkitppc/bin/../lib/gcc/powerpc-eabi/10.2.0/../../../../powerpc-eabi/lib\libjpeg.a(jquant1.o)
                0x000000008000f538                jinit_1pass_quantizer
 .text          0x000000008000f8f8     0x16dc c:/devkitpro/devkitppc/bin/../lib/gcc/powerpc-eabi/10.2.0/../../../../powerpc-eabi/lib\libjpeg.a(jquant2.o)
                0x0000000080010d94                jinit_2pass_quantizer
 .text          0x0000000080010fd4       0xf4 c:/devkitpro/devkitppc/bin/../lib/gcc/powerpc-eabi/10.2.0/../../../../powerpc-eabi/lib\libjpeg.a(jutils.o)
                0x0000000080010fd4                jdiv_round_up
                0x0000000080010fe4                jround_up
                0x0000000080010ff8                jcopy_sample_rows
                0x0000000080011070                jcopy_block_row
                0x00000000800110a0                jzero_far
 .text          0x00000000800110c8      0x198 c:/devkitpro/devkitppc/bin/../lib/gcc/powerpc-eabi/10.2.0/../../../../powerpc-eabi/lib\libjpeg.a(jcomapi.o)
                0x00000000800110c8                jpeg_abort
                0x000000008001117c                jpeg_destroy
                0x00000000800111e8                jpeg_alloc_quant_table
                0x0000000080011224                jpeg_alloc_huff_table
 .text          0x0000000080011260     0x12cc c:/devkitpro/devkitppc/bin/../lib/gcc/powerpc-eabi/10.2.0/../../../../powerpc-eabi/lib\libjpeg.a(jdcoefct.o)
                0x0000000080012358                jinit_d_coef_controller
 .text          0x000000008001252c      0x708 c:/devkitpro/devkitppc/bin/../lib/gcc/powerpc-eabi/10.2.0/../../../../powerpc-eabi/lib\libjpeg.a(jdcolor.o)
                0x00000000800129f4                jinit_color_deconverter
 .text          0x0000000080012c34      0x3d0 c:/devkitpro/devkitppc/bin/../lib/gcc/powerpc-eabi/10.2.0/../../../../powerpc-eabi/lib\libjpeg.a(jddctmgr.o)
                0x0000000080012f30                jinit_inverse_dct
 .text          0x0000000080013004      0xf28 c:/devkitpro/devkitppc/bin/../lib/gcc/powerpc-eabi/10.2.0/../../../../powerpc-eabi/lib\libjpeg.a(jdhuff.o)
                0x0000000080013004                jpeg_make_d_derived_tbl
                0x00000000800135e4                jpeg_fill_bit_buffer
                0x00000000800137a4                jpeg_huff_decode
                0x0000000080013eb4                jinit_huff_decoder
 .text          0x0000000080013f2c      0x960 c:/devkitpro/devkitppc/bin/../lib/gcc/powerpc-eabi/10.2.0/../../../../powerpc-eabi/lib\libjpeg.a(jdmainct.o)
                0x0000000080014604                jinit_d_main_controller
 .text          0x000000008001488c      0x514 c:/devkitpro/devkitppc/bin/../lib/gcc/powerpc-eabi/10.2.0/../../../../powerpc-eabi/lib\libjpeg.a(jidctflt.o)
                0x000000008001488c                jpeg_idct_float
 .text          0x0000000080014da0      0x448 c:/devkitpro/devkitppc/bin/../lib/gcc/powerpc-eabi/10.2.0/../../../../powerpc-eabi/lib\libjpeg.a(jidctfst.o)
                0x0000000080014da0                jpeg_idct_ifast
 .text          0x00000000800151e8      0x520 c:/devkitpro/devkitppc/bin/../lib/gcc/powerpc-eabi/10.2.0/../../../../powerpc-eabi/lib\libjpeg.a(jidctint.o)
                0x00000000800151e8                jpeg_idct_islow
 .text          0x0000000080015708      0x5e8 c:/devkitpro/devkitppc/bin/../lib/gcc/powerpc-eabi/10.2.0/../../../../powerpc-eabi/lib\libjpeg.a(jidctred.o)
                0x0000000080015708                jpeg_idct_4x4
                0x0000000080015a5c                jpeg_idct_2x2
                0x0000000080015cc0                jpeg_idct_1x1
 .text          0x0000000080015cf0       0x48 c:/devkitpro/devkitppc/bin/../lib/gcc/powerpc-eabi/10.2.0\libgcc.a(eabi.o)
                0x0000000080015cf0                __eabi
 *(.text.*)
 .text.deregister_tm_clones
                0x0000000080015d38       0x30 c:/devkitpro/devkitppc/bin/../lib/gcc/powerpc-eabi/10.2.0/crtbegin.o
 .text.register_tm_clones
                0x0000000080015d68       0x3c c:/devkitpro/devkitppc/bin/../lib/gcc/powerpc-eabi/10.2.0/crtbegin.o
 .text.__do_global_dtors_aux
                0x0000000080015da4       0xd0 c:/devkitpro/devkitppc/bin/../lib/gcc/powerpc-eabi/10.2.0/crtbegin.o
 .text.frame_dummy
                0x0000000080015e74       0x44 c:/devkitpro/devkitppc/bin/../lib/gcc/powerpc-eabi/10.2.0/crtbegin.o
 .text.__crtmain
                0x0000000080015eb8       0x44 c:/devkitpro/devkitppc/bin/../lib/gcc/powerpc-eabi/10.2.0/../../../../powerpc-eabi/lib/crtmain.o
                0x0000000080015ebc                __crtmain
 .text.init     0x0000000080015efc       0xd4 main.o
                0x0000000080015efc                init
 .text.display_jpeg
                0x0000000080015fd0       0xc0 main.o
                0x0000000080015fd0                display_jpeg
 .text.startup.main
                0x0000000080016090       0x78 main.o
                0x0000000080016090                main
 .text.__wpad_assign_slot
                0x0000000080016108      0x394 C:/devkitPro/libogc/lib/wii\libwiiuse.a(wpad.o)
                0x0000000080016108                __wpad_assign_slot
 .text.__wpad_def_powcb
                0x000000008001649c        0x4 C:/devkitPro/libogc/lib/wii\libwiiuse.a(wpad.o)
 .text.__readlinkkey_finished
                0x00000000800164a0       0x34 C:/devkitPro/libogc/lib/wii\libwiiuse.a(wpad.o)
 .text.__wpad_patch_finished
                0x00000000800164d4       0x2c C:/devkitPro/libogc/lib/wii\libwiiuse.a(wpad.o)
 .text.__wpad_setfmt
                0x0000000080016500      0x158 C:/devkitPro/libogc/lib/wii\libwiiuse.a(wpad.o)
 .text.__wpad_eventCB
                0x0000000080016658      0xc10 C:/devkitPro/libogc/lib/wii\libwiiuse.a(wpad.o)
 .text.__wpad_disconnectCB
                0x0000000080017268      0x47c C:/devkitPro/libogc/lib/wii\libwiiuse.a(wpad.o)
                0x0000000080017268                __wpad_disconnectCB
 .text.__wpad_timeouthandler
                0x00000000800176e4      0x1d0 C:/devkitPro/libogc/lib/wii\libwiiuse.a(wpad.o)
 .text.__initcore_finished
                0x00000000800178b4       0x48 C:/devkitPro/libogc/lib/wii\libwiiuse.a(wpad.o)
 .text.__wpad_init_finished
                0x00000000800178fc      0x18c C:/devkitPro/libogc/lib/wii\libwiiuse.a(wpad.o)
 .text.WPAD_SetDataFormat
                0x0000000080017a88      0x1a8 C:/devkitPro/libogc/lib/wii\libwiiuse.a(wpad.o)
                0x0000000080017a88                WPAD_SetDataFormat
 .text.WPAD_SetVRes
                0x0000000080017c30      0x158 C:/devkitPro/libogc/lib/wii\libwiiuse.a(wpad.o)
                0x0000000080017c30                WPAD_SetVRes
 .text.WPAD_Shutdown
                0x0000000080017d88      0x108 C:/devkitPro/libogc/lib/wii\libwiiuse.a(wpad.o)
                0x0000000080017d88                WPAD_Shutdown
 .text.WPAD_Init
                0x0000000080017e90      0x2c4 C:/devkitPro/libogc/lib/wii\libwiiuse.a(wpad.o)
                0x0000000080017e90                WPAD_Init
 .text.__wpad_onreset
                0x0000000080018154       0x34 C:/devkitPro/libogc/lib/wii\libwiiuse.a(wpad.o)
 .text.motion_plus_disconnected
                0x0000000080018188       0x10 C:/devkitPro/libogc/lib/wii\libwiiuse.a(motion_plus.o)
                0x0000000080018188                motion_plus_disconnected
 .text.motion_plus_event
                0x0000000080018198       0x64 C:/devkitPro/libogc/lib/wii\libwiiuse.a(motion_plus.o)
                0x0000000080018198                motion_plus_event
 .text.wiiuse_handshake
                0x00000000800181fc      0x26c C:/devkitPro/libogc/lib/wii\libwiiuse.a(io.o)
                0x00000000800181fc                wiiuse_handshake
 .text.wiiuse_handshake_expansion
                0x0000000080018468      0x1fc C:/devkitPro/libogc/lib/wii\libwiiuse.a(io.o)
                0x0000000080018468                wiiuse_handshake_expansion
 .text.wiiuse_handshake_expansion_start
                0x0000000080018664       0x5c C:/devkitPro/libogc/lib/wii\libwiiuse.a(io.o)
                0x0000000080018664                wiiuse_handshake_expansion_start
 .text.wiiuse_disable_expansion
                0x00000000800186c0      0x1b0 C:/devkitPro/libogc/lib/wii\libwiiuse.a(io.o)
                0x00000000800186c0                wiiuse_disable_expansion
 .text.__wiiuse_connected
                0x0000000080018870       0x9c C:/devkitPro/libogc/lib/wii\libwiiuse.a(io_wii.o)
 .text.__wiiuse_disconnected
                0x000000008001890c       0xb4 C:/devkitPro/libogc/lib/wii\libwiiuse.a(io_wii.o)
 .text.__wiiuse_receive
                0x00000000800189c0       0xd0 C:/devkitPro/libogc/lib/wii\libwiiuse.a(io_wii.o)
 .text.__wiiuse_sensorbar_enable
                0x0000000080018a90       0x54 C:/devkitPro/libogc/lib/wii\libwiiuse.a(io_wii.o)
                0x0000000080018a90                __wiiuse_sensorbar_enable
 .text.wiiuse_register
                0x0000000080018ae4       0xf0 C:/devkitPro/libogc/lib/wii\libwiiuse.a(io_wii.o)
                0x0000000080018ae4                wiiuse_register
 .text.wiiuse_disconnect
                0x0000000080018bd4       0x24 C:/devkitPro/libogc/lib/wii\libwiiuse.a(io_wii.o)
                0x0000000080018bd4                wiiuse_disconnect
 .text.wiiuse_init_cmd_queue
                0x0000000080018bf8       0x9c C:/devkitPro/libogc/lib/wii\libwiiuse.a(io_wii.o)
                0x0000000080018bf8                wiiuse_init_cmd_queue
 .text.wiiuse_io_write
                0x0000000080018c94       0x1c C:/devkitPro/libogc/lib/wii\libwiiuse.a(io_wii.o)
                0x0000000080018c94                wiiuse_io_write
 .text.get_ir_sens.constprop.0.isra.0
                0x0000000080018cb0       0xe4 C:/devkitPro/libogc/lib/wii\libwiiuse.a(ir.o)
 .text.wiiuse_set_ir_mode
                0x0000000080018d94       0x88 C:/devkitPro/libogc/lib/wii\libwiiuse.a(ir.o)
                0x0000000080018d94                wiiuse_set_ir_mode
 .text.wiiuse_set_ir
                0x0000000080018e1c      0x1f8 C:/devkitPro/libogc/lib/wii\libwiiuse.a(ir.o)
                0x0000000080018e1c                wiiuse_set_ir
 .text.wiiuse_set_ir_vres
                0x0000000080019014       0x1c C:/devkitPro/libogc/lib/wii\libwiiuse.a(ir.o)
                0x0000000080019014                wiiuse_set_ir_vres
 .text.wiiuse_set_ir_position
                0x0000000080019030       0x80 C:/devkitPro/libogc/lib/wii\libwiiuse.a(ir.o)
                0x0000000080019030                wiiuse_set_ir_position
 .text.wiiuse_set_aspect_ratio
                0x00000000800190b0       0xac C:/devkitPro/libogc/lib/wii\libwiiuse.a(ir.o)
                0x00000000800190b0                wiiuse_set_aspect_ratio
 .text.wiiuse_set_ir_sensitivity
                0x000000008001915c      0x108 C:/devkitPro/libogc/lib/wii\libwiiuse.a(ir.o)
                0x000000008001915c                wiiuse_set_ir_sensitivity
 .text.calculate_basic_ir
                0x0000000080019264      0x150 C:/devkitPro/libogc/lib/wii\libwiiuse.a(ir.o)
                0x0000000080019264                calculate_basic_ir
 .text.calculate_extended_ir
                0x00000000800193b4      0x124 C:/devkitPro/libogc/lib/wii\libwiiuse.a(ir.o)
                0x00000000800193b4                calculate_extended_ir
 .text.nunchuk_handshake
                0x00000000800194d8      0x2d0 C:/devkitPro/libogc/lib/wii\libwiiuse.a(nunchuk.o)
                0x00000000800194d8                nunchuk_handshake
 .text.nunchuk_disconnected
                0x00000000800197a8        0xc C:/devkitPro/libogc/lib/wii\libwiiuse.a(nunchuk.o)
                0x00000000800197a8                nunchuk_disconnected
 .text.nunchuk_event
                0x00000000800197b4       0xe0 C:/devkitPro/libogc/lib/wii\libwiiuse.a(nunchuk.o)
                0x00000000800197b4                nunchuk_event
 .text.wii_board_handshake
                0x0000000080019894      0x284 C:/devkitPro/libogc/lib/wii\libwiiuse.a(wiiboard.o)
                0x0000000080019894                wii_board_handshake
 .text.wii_board_disconnected
                0x0000000080019b18        0xc C:/devkitPro/libogc/lib/wii\libwiiuse.a(wiiboard.o)
                0x0000000080019b18                wii_board_disconnected
 .text.wii_board_event
                0x0000000080019b24       0x24 C:/devkitPro/libogc/lib/wii\libwiiuse.a(wiiboard.o)
                0x0000000080019b24                wii_board_event
 .text.wiiuse_send_next_command
                0x0000000080019b48       0x58 C:/devkitPro/libogc/lib/wii\libwiiuse.a(wiiuse.o)
                0x0000000080019b48                wiiuse_send_next_command
 .text.wiiuse_init
                0x0000000080019ba0      0x210 C:/devkitPro/libogc/lib/wii\libwiiuse.a(wiiuse.o)
                0x0000000080019ba0                wiiuse_init
 .text.wiiuse_set_flags
                0x0000000080019db0       0x28 C:/devkitPro/libogc/lib/wii\libwiiuse.a(wiiuse.o)
                0x0000000080019db0                wiiuse_set_flags
 .text.wiiuse_read_data
                0x0000000080019dd8      0x128 C:/devkitPro/libogc/lib/wii\libwiiuse.a(wiiuse.o)
                0x0000000080019dd8                wiiuse_read_data
 .text.wiiuse_write_data
                0x0000000080019f00      0x164 C:/devkitPro/libogc/lib/wii\libwiiuse.a(wiiuse.o)
                0x0000000080019f00                wiiuse_write_data
 .text.wiiuse_sendcmd
                0x000000008001a064      0x170 C:/devkitPro/libogc/lib/wii\libwiiuse.a(wiiuse.o)
                0x000000008001a064                wiiuse_sendcmd
 .text.wiiuse_set_leds
                0x000000008001a1d4       0x50 C:/devkitPro/libogc/lib/wii\libwiiuse.a(wiiuse.o)
                0x000000008001a1d4                wiiuse_set_leds
 .text.wiiuse_set_report_type
                0x000000008001a224      0x13c C:/devkitPro/libogc/lib/wii\libwiiuse.a(wiiuse.o)
                0x000000008001a224                wiiuse_set_report_type
 .text.wiiuse_status
                0x000000008001a360       0x4c C:/devkitPro/libogc/lib/wii\libwiiuse.a(wiiuse.o)
                0x000000008001a360                wiiuse_status
 .text.wiiuse_motion_sensing
                0x000000008001a3ac       0x84 C:/devkitPro/libogc/lib/wii\libwiiuse.a(wiiuse.o)
                0x000000008001a3ac                wiiuse_motion_sensing
 .text.wiiuse_set_speaker
                0x000000008001a430      0x240 C:/devkitPro/libogc/lib/wii\libwiiuse.a(speaker.o)
                0x000000008001a430                wiiuse_set_speaker
 .text.classic_ctrl_handshake
                0x000000008001a670      0x2f8 C:/devkitPro/libogc/lib/wii\libwiiuse.a(classic.o)
                0x000000008001a670                classic_ctrl_handshake
 .text.classic_ctrl_disconnected
                0x000000008001a968        0xc C:/devkitPro/libogc/lib/wii\libwiiuse.a(classic.o)
                0x000000008001a968                classic_ctrl_disconnected
 .text.classic_ctrl_event
                0x000000008001a974      0x168 C:/devkitPro/libogc/lib/wii\libwiiuse.a(classic.o)
                0x000000008001a974                classic_ctrl_event
 .text.handle_expansion
                0x000000008001aadc       0x54 C:/devkitPro/libogc/lib/wii\libwiiuse.a(events.o)
 .text.parse_event
                0x000000008001ab30      0x748 C:/devkitPro/libogc/lib/wii\libwiiuse.a(events.o)
                0x000000008001ab30                parse_event
 .text.guitar_hero_3_handshake
                0x000000008001b278       0x5c C:/devkitPro/libogc/lib/wii\libwiiuse.a(guitar_hero_3.o)
                0x000000008001b278                guitar_hero_3_handshake
 .text.guitar_hero_3_disconnected
                0x000000008001b2d4        0xc C:/devkitPro/libogc/lib/wii\libwiiuse.a(guitar_hero_3.o)
                0x000000008001b2d4                guitar_hero_3_disconnected
 .text.guitar_hero_3_event
                0x000000008001b2e0       0x6c C:/devkitPro/libogc/lib/wii\libwiiuse.a(guitar_hero_3.o)
                0x000000008001b2e0                guitar_hero_3_event
 .text.acl_wlp_completed
                0x000000008001b34c        0x8 C:/devkitPro/libogc/lib/wii\libbte.a(bte.o)
                0x000000008001b34c                acl_wlp_completed
 .text.bt_alarmhandler
                0x000000008001b354       0x60 C:/devkitPro/libogc/lib/wii\libbte.a(bte.o)
 .text.__bte_send_pending_request
                0x000000008001b3b4      0x108 C:/devkitPro/libogc/lib/wii\libbte.a(bte.o)
 .text.acl_conn_complete
                0x000000008001b4bc       0x2c C:/devkitPro/libogc/lib/wii\libbte.a(bte.o)
                0x000000008001b4bc                acl_conn_complete
 .text.l2cap_disconnect_cfm
                0x000000008001b4e8      0x19c C:/devkitPro/libogc/lib/wii\libbte.a(bte.o)
                0x000000008001b4e8                l2cap_disconnect_cfm
 .text.l2cap_accepted
                0x000000008001b684      0x128 C:/devkitPro/libogc/lib/wii\libbte.a(bte.o)
                0x000000008001b684                l2cap_accepted
 .text.bte_process_input
                0x000000008001b7ac      0x148 C:/devkitPro/libogc/lib/wii\libbte.a(bte.o)
 .text.l2cap_disconnected_ind
                0x000000008001b8f4      0x1a4 C:/devkitPro/libogc/lib/wii\libbte.a(bte.o)
                0x000000008001b8f4                l2cap_disconnected_ind
 .text.__bte_shutdown_finished
                0x000000008001ba98       0xd0 C:/devkitPro/libogc/lib/wii\libbte.a(bte.o)
 .text.bte_hci_apply_patch_complete
                0x000000008001bb68      0x160 C:/devkitPro/libogc/lib/wii\libbte.a(bte.o)
                0x000000008001bb68                bte_hci_apply_patch_complete
 .text.bte_hci_patch_complete
                0x000000008001bcc8      0x380 C:/devkitPro/libogc/lib/wii\libbte.a(bte.o)
                0x000000008001bcc8                bte_hci_patch_complete
 .text.bte_hci_initcore_complete
                0x000000008001c048      0x294 C:/devkitPro/libogc/lib/wii\libbte.a(bte.o)
                0x000000008001c048                bte_hci_initcore_complete
 .text.bte_read_stored_link_key_complete
                0x000000008001c2dc      0x26c C:/devkitPro/libogc/lib/wii\libbte.a(bte.o)
                0x000000008001c2dc                bte_read_stored_link_key_complete
 .text.bte_hci_initcore_complete2
                0x000000008001c548      0x24c C:/devkitPro/libogc/lib/wii\libbte.a(bte.o)
 .text.bte_hci_initsub_complete
                0x000000008001c794      0x2c0 C:/devkitPro/libogc/lib/wii\libbte.a(bte.o)
                0x000000008001c794                bte_hci_initsub_complete
 .text.BTE_Init
                0x000000008001ca54      0x138 C:/devkitPro/libogc/lib/wii\libbte.a(bte.o)
                0x000000008001ca54                BTE_Init
 .text.BTE_Shutdown
                0x000000008001cb8c      0x100 C:/devkitPro/libogc/lib/wii\libbte.a(bte.o)
                0x000000008001cb8c                BTE_Shutdown
 .text.BTE_InitCore
                0x000000008001cc8c       0x8c C:/devkitPro/libogc/lib/wii\libbte.a(bte.o)
                0x000000008001cc8c                BTE_InitCore
 .text.BTE_ApplyPatch
                0x000000008001cd18       0xa4 C:/devkitPro/libogc/lib/wii\libbte.a(bte.o)
                0x000000008001cd18                BTE_ApplyPatch
 .text.BTE_InitSub
                0x000000008001cdbc       0x90 C:/devkitPro/libogc/lib/wii\libbte.a(bte.o)
                0x000000008001cdbc                BTE_InitSub
 .text.BTE_ReadStoredLinkKey
                0x000000008001ce4c       0x90 C:/devkitPro/libogc/lib/wii\libbte.a(bte.o)
                0x000000008001ce4c                BTE_ReadStoredLinkKey
 .text.BTE_SetDisconnectCallback
                0x000000008001cedc        0x4 C:/devkitPro/libogc/lib/wii\libbte.a(bte.o)
                0x000000008001cedc                BTE_SetDisconnectCallback
 .text.bte_new  0x000000008001cee0       0x54 C:/devkitPro/libogc/lib/wii\libbte.a(bte.o)
                0x000000008001cee0                bte_new
 .text.bte_registerdeviceasync
                0x000000008001cf34      0x158 C:/devkitPro/libogc/lib/wii\libbte.a(bte.o)
                0x000000008001cf34                bte_registerdeviceasync
 .text.bte_disconnect
                0x000000008001d08c       0xd8 C:/devkitPro/libogc/lib/wii\libbte.a(bte.o)
                0x000000008001d08c                bte_disconnect
 .text.bte_senddata
                0x000000008001d164      0x100 C:/devkitPro/libogc/lib/wii\libbte.a(bte.o)
                0x000000008001d164                bte_senddata
 .text.bte_arg  0x000000008001d264       0x38 C:/devkitPro/libogc/lib/wii\libbte.a(bte.o)
                0x000000008001d264                bte_arg
 .text.bte_received
                0x000000008001d29c       0x38 C:/devkitPro/libogc/lib/wii\libbte.a(bte.o)
                0x000000008001d29c                bte_received
 .text.bte_disconnected
                0x000000008001d2d4       0x38 C:/devkitPro/libogc/lib/wii\libbte.a(bte.o)
                0x000000008001d2d4                bte_disconnected
 .text.hci_get_link
                0x000000008001d30c       0x84 C:/devkitPro/libogc/lib/wii\libbte.a(hci.o)
 .text.hci_init
                0x000000008001d390       0x7c C:/devkitPro/libogc/lib/wii\libbte.a(hci.o)
                0x000000008001d390                hci_init
 .text.hci_close
                0x000000008001d40c       0xd0 C:/devkitPro/libogc/lib/wii\libbte.a(hci.o)
                0x000000008001d40c                hci_close
 .text.hci_reset_all
                0x000000008001d4dc       0xb8 C:/devkitPro/libogc/lib/wii\libbte.a(hci.o)
                0x000000008001d4dc                hci_reset_all
 .text.hci_arg  0x000000008001d594        0xc C:/devkitPro/libogc/lib/wii\libbte.a(hci.o)
                0x000000008001d594                hci_arg
 .text.hci_cmd_complete
                0x000000008001d5a0        0xc C:/devkitPro/libogc/lib/wii\libbte.a(hci.o)
                0x000000008001d5a0                hci_cmd_complete
 .text.hci_connection_complete
                0x000000008001d5ac        0xc C:/devkitPro/libogc/lib/wii\libbte.a(hci.o)
                0x000000008001d5ac                hci_connection_complete
 .text.hci_wlp_complete
                0x000000008001d5b8        0xc C:/devkitPro/libogc/lib/wii\libbte.a(hci.o)
                0x000000008001d5b8                hci_wlp_complete
 .text.hci_reset
                0x000000008001d5c4       0xa8 C:/devkitPro/libogc/lib/wii\libbte.a(hci.o)
                0x000000008001d5c4                hci_reset
 .text.hci_read_buffer_size
                0x000000008001d66c       0xa8 C:/devkitPro/libogc/lib/wii\libbte.a(hci.o)
                0x000000008001d66c                hci_read_buffer_size
 .text.hci_read_bd_addr
                0x000000008001d714       0xa8 C:/devkitPro/libogc/lib/wii\libbte.a(hci.o)
                0x000000008001d714                hci_read_bd_addr
 .text.hci_read_local_version
                0x000000008001d7bc       0xa4 C:/devkitPro/libogc/lib/wii\libbte.a(hci.o)
                0x000000008001d7bc                hci_read_local_version
 .text.hci_read_local_features
                0x000000008001d860       0xa8 C:/devkitPro/libogc/lib/wii\libbte.a(hci.o)
                0x000000008001d860                hci_read_local_features
 .text.hci_read_stored_link_key
                0x000000008001d908       0xfc C:/devkitPro/libogc/lib/wii\libbte.a(hci.o)
                0x000000008001d908                hci_read_stored_link_key
 .text.hci_write_page_timeout
                0x000000008001da04       0xcc C:/devkitPro/libogc/lib/wii\libbte.a(hci.o)
                0x000000008001da04                hci_write_page_timeout
 .text.hci_write_scan_enable
                0x000000008001dad0       0xb8 C:/devkitPro/libogc/lib/wii\libbte.a(hci.o)
                0x000000008001dad0                hci_write_scan_enable
 .text.hci_accecpt_conn_request
                0x000000008001db88       0xdc C:/devkitPro/libogc/lib/wii\libbte.a(hci.o)
                0x000000008001db88                hci_accecpt_conn_request
 .text.hci_write_local_name
                0x000000008001dc64       0xd4 C:/devkitPro/libogc/lib/wii\libbte.a(hci.o)
                0x000000008001dc64                hci_write_local_name
 .text.hci_write_pin_type
                0x000000008001dd38       0xb8 C:/devkitPro/libogc/lib/wii\libbte.a(hci.o)
                0x000000008001dd38                hci_write_pin_type
 .text.hci_write_inquiry_mode
                0x000000008001ddf0       0xb8 C:/devkitPro/libogc/lib/wii\libbte.a(hci.o)
                0x000000008001ddf0                hci_write_inquiry_mode
 .text.hci_write_page_scan_type
                0x000000008001dea8       0xb8 C:/devkitPro/libogc/lib/wii\libbte.a(hci.o)
                0x000000008001dea8                hci_write_page_scan_type
 .text.hci_write_inquiry_scan_type
                0x000000008001df60       0xb8 C:/devkitPro/libogc/lib/wii\libbte.a(hci.o)
                0x000000008001df60                hci_write_inquiry_scan_type
 .text.hci_vendor_specific_command
                0x000000008001e018       0xe4 C:/devkitPro/libogc/lib/wii\libbte.a(hci.o)
                0x000000008001e018                hci_vendor_specific_command
 .text.hci_write_link_policy_settings
                0x000000008001e0fc      0x100 C:/devkitPro/libogc/lib/wii\libbte.a(hci.o)
                0x000000008001e0fc                hci_write_link_policy_settings
 .text.hci_pin_code_request_neg_reply
                0x000000008001e1fc       0xc8 C:/devkitPro/libogc/lib/wii\libbte.a(hci.o)
                0x000000008001e1fc                hci_pin_code_request_neg_reply
 .text.hci_link_key_req_neg_reply
                0x000000008001e2c4       0xc8 C:/devkitPro/libogc/lib/wii\libbte.a(hci.o)
                0x000000008001e2c4                hci_link_key_req_neg_reply
 .text.hci_disconnect
                0x000000008001e38c       0xf8 C:/devkitPro/libogc/lib/wii\libbte.a(hci.o)
                0x000000008001e38c                hci_disconnect
 .text.hci_write_cod
                0x000000008001e484       0xc8 C:/devkitPro/libogc/lib/wii\libbte.a(hci.o)
                0x000000008001e484                hci_write_cod
 .text.hci_host_buffer_size
                0x000000008001e54c      0x108 C:/devkitPro/libogc/lib/wii\libbte.a(hci.o)
                0x000000008001e54c                hci_host_buffer_size
 .text.hci_host_num_comp_packets
                0x000000008001e654      0x104 C:/devkitPro/libogc/lib/wii\libbte.a(hci.o)
                0x000000008001e654                hci_host_num_comp_packets
 .text.lp_pdu_maxsize
                0x000000008001e758        0xc C:/devkitPro/libogc/lib/wii\libbte.a(hci.o)
                0x000000008001e758                lp_pdu_maxsize
 .text.lp_acl_write
                0x000000008001e764      0x154 C:/devkitPro/libogc/lib/wii\libbte.a(hci.o)
                0x000000008001e764                lp_acl_write
 .text.lp_write_flush_timeout
                0x000000008001e8b8      0x100 C:/devkitPro/libogc/lib/wii\libbte.a(hci.o)
                0x000000008001e8b8                lp_write_flush_timeout
 .text.hci_event_handler
                0x000000008001e9b8      0xc70 C:/devkitPro/libogc/lib/wii\libbte.a(hci.o)
                0x000000008001e9b8                hci_event_handler
 .text.hci_acldata_handler
                0x000000008001f628      0x118 C:/devkitPro/libogc/lib/wii\libbte.a(hci.o)
                0x000000008001f628                hci_acldata_handler
 .text.l2cap_init
                0x000000008001f740       0x60 C:/devkitPro/libogc/lib/wii\libbte.a(l2cap.o)
                0x000000008001f740                l2cap_init
 .text.l2cap_write
                0x000000008001f7a0      0x1a8 C:/devkitPro/libogc/lib/wii\libbte.a(l2cap.o)
                0x000000008001f7a0                l2cap_write
 .text.l2cap_new
                0x000000008001f948       0x60 C:/devkitPro/libogc/lib/wii\libbte.a(l2cap.o)
                0x000000008001f948                l2cap_new
 .text.l2cap_close
                0x000000008001f9a8      0x1d4 C:/devkitPro/libogc/lib/wii\libbte.a(l2cap.o)
                0x000000008001f9a8                l2cap_close
 .text.l2cap_reset_all
                0x000000008001fb7c      0x154 C:/devkitPro/libogc/lib/wii\libbte.a(l2cap.o)
                0x000000008001fb7c                l2cap_reset_all
 .text.l2cap_signal
                0x000000008001fcd0      0x210 C:/devkitPro/libogc/lib/wii\libbte.a(l2cap.o)
                0x000000008001fcd0                l2cap_signal
 .text.l2ca_config_req.part.0
                0x000000008001fee0      0x120 C:/devkitPro/libogc/lib/wii\libbte.a(l2cap.o)
 .text.l2ca_disconnect_req
                0x0000000080020000       0xc4 C:/devkitPro/libogc/lib/wii\libbte.a(l2cap.o)
                0x0000000080020000                l2ca_disconnect_req
 .text.l2cap_tmr
                0x00000000800200c4      0x280 C:/devkitPro/libogc/lib/wii\libbte.a(l2cap.o)
                0x00000000800200c4                l2cap_tmr
 .text.l2cap_process_sig
                0x0000000080020344     0x12cc C:/devkitPro/libogc/lib/wii\libbte.a(l2cap.o)
                0x0000000080020344                l2cap_process_sig
 .text.l2cap_input
                0x0000000080021610      0x578 C:/devkitPro/libogc/lib/wii\libbte.a(l2cap.o)
                0x0000000080021610                l2cap_input
 .text.l2ca_datawrite
                0x0000000080021b88      0x118 C:/devkitPro/libogc/lib/wii\libbte.a(l2cap.o)
                0x0000000080021b88                l2ca_datawrite
 .text.lp_connect_cfm
                0x0000000080021ca0      0x184 C:/devkitPro/libogc/lib/wii\libbte.a(l2cap.o)
                0x0000000080021ca0                lp_connect_cfm
 .text.lp_connect_ind
                0x0000000080021e24        0x4 C:/devkitPro/libogc/lib/wii\libbte.a(l2cap.o)
                0x0000000080021e24                lp_connect_ind
 .text.lp_disconnect_ind
                0x0000000080021e28      0x12c C:/devkitPro/libogc/lib/wii\libbte.a(l2cap.o)
                0x0000000080021e28                lp_disconnect_ind
 .text.l2cap_disconnect_bb
                0x0000000080021f54       0x10 C:/devkitPro/libogc/lib/wii\libbte.a(l2cap.o)
                0x0000000080021f54                l2cap_disconnect_bb
 .text.l2cap_arg
                0x0000000080021f64        0x8 C:/devkitPro/libogc/lib/wii\libbte.a(l2cap.o)
                0x0000000080021f64                l2cap_arg
 .text.l2cap_connect_ind
                0x0000000080021f6c      0x100 C:/devkitPro/libogc/lib/wii\libbte.a(l2cap.o)
                0x0000000080021f6c                l2cap_connect_ind
 .text.l2cap_disconnect_ind
                0x000000008002206c        0x8 C:/devkitPro/libogc/lib/wii\libbte.a(l2cap.o)
                0x000000008002206c                l2cap_disconnect_ind
 .text.l2cap_recv
                0x0000000080022074        0x8 C:/devkitPro/libogc/lib/wii\libbte.a(l2cap.o)
                0x0000000080022074                l2cap_recv
 .text.btmemb_init
                0x000000008002207c       0x24 C:/devkitPro/libogc/lib/wii\libbte.a(btmemb.o)
                0x000000008002207c                btmemb_init
 .text.btmemb_alloc
                0x00000000800220a0       0x98 C:/devkitPro/libogc/lib/wii\libbte.a(btmemb.o)
                0x00000000800220a0                btmemb_alloc
 .text.btmemb_free
                0x0000000080022138       0xd4 C:/devkitPro/libogc/lib/wii\libbte.a(btmemb.o)
                0x0000000080022138                btmemb_free
 .text.plug_holes
                0x000000008002220c       0xb8 C:/devkitPro/libogc/lib/wii\libbte.a(btmemr.o)
 .text.btmemr_init
                0x00000000800222c4       0x98 C:/devkitPro/libogc/lib/wii\libbte.a(btmemr.o)
                0x00000000800222c4                btmemr_init
 .text.btmemr_malloc
                0x000000008002235c      0x18c C:/devkitPro/libogc/lib/wii\libbte.a(btmemr.o)
                0x000000008002235c                btmemr_malloc
 .text.btmemr_free
                0x00000000800224e8       0x98 C:/devkitPro/libogc/lib/wii\libbte.a(btmemr.o)
                0x00000000800224e8                btmemr_free
 .text.btmemr_realloc
                0x0000000080022580      0x10c C:/devkitPro/libogc/lib/wii\libbte.a(btmemr.o)
                0x0000000080022580                btmemr_realloc
 .text.btpbuf_init
                0x000000008002268c       0x28 C:/devkitPro/libogc/lib/wii\libbte.a(btpbuf.o)
                0x000000008002268c                btpbuf_init
 .text.btpbuf_free
                0x00000000800226b4      0x124 C:/devkitPro/libogc/lib/wii\libbte.a(btpbuf.o)
                0x00000000800226b4                btpbuf_free
 .text.btpbuf_alloc
                0x00000000800227d8      0x238 C:/devkitPro/libogc/lib/wii\libbte.a(btpbuf.o)
                0x00000000800227d8                btpbuf_alloc
 .text.btpbuf_realloc
                0x0000000080022a10       0xec C:/devkitPro/libogc/lib/wii\libbte.a(btpbuf.o)
                0x0000000080022a10                btpbuf_realloc
 .text.btpbuf_header
                0x0000000080022afc       0x90 C:/devkitPro/libogc/lib/wii\libbte.a(btpbuf.o)
                0x0000000080022afc                btpbuf_header
 .text.btpbuf_ref
                0x0000000080022b8c       0x48 C:/devkitPro/libogc/lib/wii\libbte.a(btpbuf.o)
                0x0000000080022b8c                btpbuf_ref
 .text.btpbuf_chain
                0x0000000080022bd4       0x9c C:/devkitPro/libogc/lib/wii\libbte.a(btpbuf.o)
                0x0000000080022bd4                btpbuf_chain
 .text.btpbuf_dechain
                0x0000000080022c70       0x7c C:/devkitPro/libogc/lib/wii\libbte.a(btpbuf.o)
                0x0000000080022c70                btpbuf_dechain
 .text.btpbuf_take
                0x0000000080022cec      0x13c C:/devkitPro/libogc/lib/wii\libbte.a(btpbuf.o)
                0x0000000080022cec                btpbuf_take
 .text.__usb_closeCB
                0x0000000080022e28       0x10 C:/devkitPro/libogc/lib/wii\libbte.a(physbusif.o)
 .text.__writebulkmsgCB
                0x0000000080022e38       0x3c C:/devkitPro/libogc/lib/wii\libbte.a(physbusif.o)
 .text.__writectrlmsgCB
                0x0000000080022e74       0x3c C:/devkitPro/libogc/lib/wii\libbte.a(physbusif.o)
 .text.__issue_intrread.part.0
                0x0000000080022eb0       0x80 C:/devkitPro/libogc/lib/wii\libbte.a(physbusif.o)
 .text.__readintrdataCB
                0x0000000080022f30      0x150 C:/devkitPro/libogc/lib/wii\libbte.a(physbusif.o)
 .text.__issue_bulkread.part.0
                0x0000000080023080       0x80 C:/devkitPro/libogc/lib/wii\libbte.a(physbusif.o)
 .text.__readbulkdataCB
                0x0000000080023100      0x150 C:/devkitPro/libogc/lib/wii\libbte.a(physbusif.o)
 .text.physbusif_init
                0x0000000080023250      0x1dc C:/devkitPro/libogc/lib/wii\libbte.a(physbusif.o)
                0x0000000080023250                physbusif_init
 .text.physbusif_close
                0x000000008002342c       0x20 C:/devkitPro/libogc/lib/wii\libbte.a(physbusif.o)
                0x000000008002342c                physbusif_close
 .text.physbusif_shutdown
                0x000000008002344c       0x24 C:/devkitPro/libogc/lib/wii\libbte.a(physbusif.o)
                0x000000008002344c                physbusif_shutdown
 .text.physbusif_reset_all
                0x0000000080023470        0x4 C:/devkitPro/libogc/lib/wii\libbte.a(physbusif.o)
                0x0000000080023470                physbusif_reset_all
 .text.physbusif_output
                0x0000000080023474      0x1e0 C:/devkitPro/libogc/lib/wii\libbte.a(physbusif.o)
                0x0000000080023474                physbusif_output
 .text.__console_clear_line
                0x0000000080023654       0x90 C:/devkitPro/libogc/lib/wii\libogc.a(console.o)
 .text.__console_clear
                0x00000000800236e4       0x8c C:/devkitPro/libogc/lib/wii\libogc.a(console.o)
 .text.__console_write
                0x0000000080023770      0x7c4 C:/devkitPro/libogc/lib/wii\libogc.a(console.o)
                0x0000000080023770                __console_write
 .text.__console_init
                0x0000000080023f34      0x108 C:/devkitPro/libogc/lib/wii\libogc.a(console.o)
                0x0000000080023f34                __console_init
 .text.CON_Init
                0x000000008002403c        0x4 C:/devkitPro/libogc/lib/wii\libogc.a(console.o)
                0x000000008002403c                CON_Init
 .text.CON_EnableGecko
                0x0000000080024040      0x100 C:/devkitPro/libogc/lib/wii\libogc.a(console.o)
                0x0000000080024040                CON_EnableGecko
 .text.__lwp_queue_initialize
                0x0000000080024140       0x98 C:/devkitPro/libogc/lib/wii\libogc.a(lwp_queue.o)
                0x0000000080024140                __lwp_queue_initialize
 .text.__lwp_queue_get
                0x00000000800241d8       0x74 C:/devkitPro/libogc/lib/wii\libogc.a(lwp_queue.o)
                0x00000000800241d8                __lwp_queue_get
 .text.__lwp_queue_append
                0x000000008002424c       0x4c C:/devkitPro/libogc/lib/wii\libogc.a(lwp_queue.o)
                0x000000008002424c                __lwp_queue_append
 .text.__lwp_isr_in_progress
                0x0000000080024298        0x8 C:/devkitPro/libogc/lib/wii\libogc.a(lwp_threads.o)
                0x0000000080024298                __lwp_isr_in_progress
 .text.__thread_dispatch_fp
                0x00000000800242a0       0x88 C:/devkitPro/libogc/lib/wii\libogc.a(lwp_threads.o)
                0x00000000800242a0                __thread_dispatch_fp
 .text.__thread_dispatch
                0x0000000080024328      0x110 C:/devkitPro/libogc/lib/wii\libogc.a(lwp_threads.o)
                0x0000000080024328                __thread_dispatch
 .text.__lwp_thread_resettimeslice
                0x0000000080024438       0xb4 C:/devkitPro/libogc/lib/wii\libogc.a(lwp_threads.o)
                0x0000000080024438                __lwp_thread_resettimeslice
 .text.__lwp_thread_tickle_timeslice
                0x00000000800244ec       0xc8 C:/devkitPro/libogc/lib/wii\libogc.a(lwp_threads.o)
                0x00000000800244ec                __lwp_thread_tickle_timeslice
 .text.__lwp_thread_setstate
                0x00000000800245b4      0x16c C:/devkitPro/libogc/lib/wii\libogc.a(lwp_threads.o)
                0x00000000800245b4                __lwp_thread_setstate
 .text.__lwp_thread_clearstate
                0x0000000080024720       0xe4 C:/devkitPro/libogc/lib/wii\libogc.a(lwp_threads.o)
                0x0000000080024720                __lwp_thread_clearstate
 .text.__lwp_thread_delayended
                0x0000000080024804       0x48 C:/devkitPro/libogc/lib/wii\libogc.a(lwp_threads.o)
                0x0000000080024804                __lwp_thread_delayended
 .text.__lwp_thread_settransient
                0x000000008002484c       0xb4 C:/devkitPro/libogc/lib/wii\libogc.a(lwp_threads.o)
                0x000000008002484c                __lwp_thread_settransient
 .text.__lwp_thread_changepriority
                0x0000000080024900      0x1f8 C:/devkitPro/libogc/lib/wii\libogc.a(lwp_threads.o)
                0x0000000080024900                __lwp_thread_changepriority
 .text.__lwp_thread_ready
                0x0000000080024af8       0xf0 C:/devkitPro/libogc/lib/wii\libogc.a(lwp_threads.o)
                0x0000000080024af8                __lwp_thread_ready
 .text.__lwp_thread_init
                0x0000000080024be8      0x16c C:/devkitPro/libogc/lib/wii\libogc.a(lwp_threads.o)
                0x0000000080024be8                __lwp_thread_init
 .text.__lwp_thread_close
                0x0000000080024d54      0x138 C:/devkitPro/libogc/lib/wii\libogc.a(lwp_threads.o)
                0x0000000080024d54                __lwp_thread_close
 .text.__lwp_thread_handler
                0x0000000080024e8c       0xd8 C:/devkitPro/libogc/lib/wii\libogc.a(lwp_threads.o)
 .text.__lwp_thread_closeall
                0x0000000080024f64       0xb4 C:/devkitPro/libogc/lib/wii\libogc.a(lwp_threads.o)
                0x0000000080024f64                __lwp_thread_closeall
 .text.__lwp_thread_start
                0x0000000080025018       0xe8 C:/devkitPro/libogc/lib/wii\libogc.a(lwp_threads.o)
                0x0000000080025018                __lwp_thread_start
 .text.__lwp_thread_startmultitasking
                0x0000000080025100       0xac C:/devkitPro/libogc/lib/wii\libogc.a(lwp_threads.o)
                0x0000000080025100                __lwp_thread_startmultitasking
 .text.__lwp_thread_stopmultitasking
                0x00000000800251ac       0x58 C:/devkitPro/libogc/lib/wii\libogc.a(lwp_threads.o)
                0x00000000800251ac                __lwp_thread_stopmultitasking
 .text.__lwp_thread_coreinit
                0x0000000080025204       0xc8 C:/devkitPro/libogc/lib/wii\libogc.a(lwp_threads.o)
                0x0000000080025204                __lwp_thread_coreinit
 .text.idle_func
                0x00000000800252cc        0x4 C:/devkitPro/libogc/lib/wii\libogc.a(lwp.o)
 .text.__lwp_sysinit
                0x00000000800252d0      0x114 C:/devkitPro/libogc/lib/wii\libogc.a(lwp.o)
                0x00000000800252d0                __lwp_sysinit
 .text.LWP_InitQueue
                0x00000000800253e4      0x148 C:/devkitPro/libogc/lib/wii\libogc.a(lwp.o)
                0x00000000800253e4                LWP_InitQueue
 .text.LWP_CloseQueue
                0x000000008002552c       0xd4 C:/devkitPro/libogc/lib/wii\libogc.a(lwp.o)
                0x000000008002552c                LWP_CloseQueue
 .text.LWP_ThreadSleep
                0x0000000080025600      0x110 C:/devkitPro/libogc/lib/wii\libogc.a(lwp.o)
                0x0000000080025600                LWP_ThreadSleep
 .text.LWP_ThreadBroadcast
                0x0000000080025710       0x88 C:/devkitPro/libogc/lib/wii\libogc.a(lwp.o)
                0x0000000080025710                LWP_ThreadBroadcast
 .text.LWP_ThreadSignal
                0x0000000080025798       0x74 C:/devkitPro/libogc/lib/wii\libogc.a(lwp.o)
                0x0000000080025798                LWP_ThreadSignal
 .text.__lwp_stack_allocate
                0x000000008002580c       0x60 C:/devkitPro/libogc/lib/wii\libogc.a(lwp_stack.o)
                0x000000008002580c                __lwp_stack_allocate
 .text.__lwp_stack_free
                0x000000008002586c       0x1c C:/devkitPro/libogc/lib/wii\libogc.a(lwp_stack.o)
                0x000000008002586c                __lwp_stack_free
 .text.__lwp_wd_settimer
                0x0000000080025888       0xe0 C:/devkitPro/libogc/lib/wii\libogc.a(lwp_watchdog.o)
 .text.__lwp_watchdog_init
                0x0000000080025968       0x2c C:/devkitPro/libogc/lib/wii\libogc.a(lwp_watchdog.o)
                0x0000000080025968                __lwp_watchdog_init
 .text.__lwp_wd_insert
                0x0000000080025994      0x1b0 C:/devkitPro/libogc/lib/wii\libogc.a(lwp_watchdog.o)
                0x0000000080025994                __lwp_wd_insert
 .text.__lwp_wd_remove
                0x0000000080025b44      0x138 C:/devkitPro/libogc/lib/wii\libogc.a(lwp_watchdog.o)
                0x0000000080025b44                __lwp_wd_remove
 .text.__lwp_wd_tickle
                0x0000000080025c7c      0x120 C:/devkitPro/libogc/lib/wii\libogc.a(lwp_watchdog.o)
                0x0000000080025c7c                __lwp_wd_tickle
 .text.__lwp_wkspace_init
                0x0000000080025d9c       0xc0 C:/devkitPro/libogc/lib/wii\libogc.a(lwp_wkspace.o)
                0x0000000080025d9c                __lwp_wkspace_init
 .text.__lwp_objmgr_initinfo
                0x0000000080025e5c      0x1a0 C:/devkitPro/libogc/lib/wii\libogc.a(lwp_objmgr.o)
                0x0000000080025e5c                __lwp_objmgr_initinfo
 .text.__lwp_objmgr_getisrdisable
                0x0000000080025ffc       0x60 C:/devkitPro/libogc/lib/wii\libogc.a(lwp_objmgr.o)
                0x0000000080025ffc                __lwp_objmgr_getisrdisable
 .text.__lwp_objmgr_getnoprotection
                0x000000008002605c       0x24 C:/devkitPro/libogc/lib/wii\libogc.a(lwp_objmgr.o)
                0x000000008002605c                __lwp_objmgr_getnoprotection
 .text.__lwp_objmgr_get
                0x0000000080026080       0x70 C:/devkitPro/libogc/lib/wii\libogc.a(lwp_objmgr.o)
                0x0000000080026080                __lwp_objmgr_get
 .text.__lwp_objmgr_allocate
                0x00000000800260f0       0x88 C:/devkitPro/libogc/lib/wii\libogc.a(lwp_objmgr.o)
                0x00000000800260f0                __lwp_objmgr_allocate
 .text.__lwp_objmgr_free
                0x0000000080026178       0x60 C:/devkitPro/libogc/lib/wii\libogc.a(lwp_objmgr.o)
                0x0000000080026178                __lwp_objmgr_free
 .text.__lwp_heap_init
                0x00000000800261d8       0xa4 C:/devkitPro/libogc/lib/wii\libogc.a(lwp_heap.o)
                0x00000000800261d8                __lwp_heap_init
 .text.__lwp_heap_allocate
                0x000000008002627c      0x16c C:/devkitPro/libogc/lib/wii\libogc.a(lwp_heap.o)
                0x000000008002627c                __lwp_heap_allocate
 .text.__lwp_heap_free
                0x00000000800263e8      0x188 C:/devkitPro/libogc/lib/wii\libogc.a(lwp_heap.o)
                0x00000000800263e8                __lwp_heap_free
 .text.__SetInterrupts
                0x0000000080026570      0x298 C:/devkitPro/libogc/lib/wii\libogc.a(irq.o)
 .text.c_irqdispatcher
                0x0000000080026808      0x2d4 C:/devkitPro/libogc/lib/wii\libogc.a(irq.o)
                0x0000000080026808                c_irqdispatcher
 .text.__UnmaskIrq
                0x0000000080026adc       0x84 C:/devkitPro/libogc/lib/wii\libogc.a(irq.o)
                0x0000000080026adc                __UnmaskIrq
 .text.__MaskIrq
                0x0000000080026b60       0x84 C:/devkitPro/libogc/lib/wii\libogc.a(irq.o)
                0x0000000080026b60                __MaskIrq
 .text.__irq_init
                0x0000000080026be4       0x9c C:/devkitPro/libogc/lib/wii\libogc.a(irq.o)
                0x0000000080026be4                __irq_init
 .text.IRQ_Request
                0x0000000080026c80       0x50 C:/devkitPro/libogc/lib/wii\libogc.a(irq.o)
                0x0000000080026c80                IRQ_Request
 .text.IRQ_GetHandler
                0x0000000080026cd0       0x44 C:/devkitPro/libogc/lib/wii\libogc.a(irq.o)
                0x0000000080026cd0                IRQ_GetHandler
 .text.IRQ_Disable
                0x0000000080026d14       0x1c C:/devkitPro/libogc/lib/wii\libogc.a(irq.o)
                0x0000000080026d14                IRQ_Disable
 .text.IRQ_Restore
                0x0000000080026d30       0x1c C:/devkitPro/libogc/lib/wii\libogc.a(irq.o)
                0x0000000080026d30                IRQ_Restore
 .text.__VISendI2CData.constprop.0.isra.0
                0x0000000080026d4c      0x454 C:/devkitPro/libogc/lib/wii\libogc.a(video.o)
 .text.__setFbbRegs.constprop.0
                0x00000000800271a0      0x198 C:/devkitPro/libogc/lib/wii\libogc.a(video.o)
 .text.__VISetYUVSEL
                0x0000000080027338       0xc4 C:/devkitPro/libogc/lib/wii\libogc.a(video.o)
 .text.VIDEO_Configure
                0x00000000800273fc      0x600 C:/devkitPro/libogc/lib/wii\libogc.a(video.o)
                0x00000000800273fc                VIDEO_Configure
 .text.VIDEO_WaitVSync
                0x00000000800279fc       0x74 C:/devkitPro/libogc/lib/wii\libogc.a(video.o)
                0x00000000800279fc                VIDEO_WaitVSync
 .text.VIDEO_SetFramebuffer
                0x0000000080027a70      0x108 C:/devkitPro/libogc/lib/wii\libogc.a(video.o)
                0x0000000080027a70                VIDEO_SetFramebuffer
 .text.VIDEO_SetNextFramebuffer
                0x0000000080027b78       0x70 C:/devkitPro/libogc/lib/wii\libogc.a(video.o)
                0x0000000080027b78                VIDEO_SetNextFramebuffer
 .text.VIDEO_Flush
                0x0000000080027be8       0xf4 C:/devkitPro/libogc/lib/wii\libogc.a(video.o)
                0x0000000080027be8                VIDEO_Flush
 .text.VIDEO_SetBlack
                0x0000000080027cdc      0x144 C:/devkitPro/libogc/lib/wii\libogc.a(video.o)
                0x0000000080027cdc                VIDEO_SetBlack
 .text.VIDEO_GetCurrentTvMode
                0x0000000080027e20       0x78 C:/devkitPro/libogc/lib/wii\libogc.a(video.o)
                0x0000000080027e20                VIDEO_GetCurrentTvMode
 .text.__VIRetraceHandler
                0x0000000080027e98      0x294 C:/devkitPro/libogc/lib/wii\libogc.a(video.o)
 .text.__VISetupEncoder
                0x000000008002812c      0x2cc C:/devkitPro/libogc/lib/wii\libogc.a(video.o)
 .text.VIDEO_Init
                0x00000000800283f8      0x4dc C:/devkitPro/libogc/lib/wii\libogc.a(video.o)
                0x00000000800283f8                VIDEO_Init
 .text.VIDEO_GetPreferredMode
                0x00000000800288d4      0x100 C:/devkitPro/libogc/lib/wii\libogc.a(video.o)
                0x00000000800288d4                VIDEO_GetPreferredMode
 .text.VIDEO_GetCurrentLine
                0x00000000800289d4       0x98 C:/devkitPro/libogc/lib/wii\libogc.a(video.o)
                0x00000000800289d4                VIDEO_GetCurrentLine
 .text.VIDEO_GetFrameBufferSize
                0x0000000080028a6c       0x34 C:/devkitPro/libogc/lib/wii\libogc.a(video.o)
                0x0000000080028a6c                VIDEO_GetFrameBufferSize
 .text.__call_resetfuncs
                0x0000000080028aa0       0xbc C:/devkitPro/libogc/lib/wii\libogc.a(system.o)
 .text.__MEMInterruptHandler
                0x0000000080028b5c       0x14 C:/devkitPro/libogc/lib/wii\libogc.a(system.o)
 .text.__RSWDefaultHandler
                0x0000000080028b70        0x4 C:/devkitPro/libogc/lib/wii\libogc.a(system.o)
 .text.__POWDefaultHandler
                0x0000000080028b74        0x4 C:/devkitPro/libogc/lib/wii\libogc.a(system.o)
 .text.__STMEventHandler
                0x0000000080028b78      0x104 C:/devkitPro/libogc/lib/wii\libogc.a(system.o)
 .text.__sys_alarmhandler
                0x0000000080028c7c       0xfc C:/devkitPro/libogc/lib/wii\libogc.a(system.o)
 .text.__getrtc
                0x0000000080028d78      0x168 C:/devkitPro/libogc/lib/wii\libogc.a(system.o)
 .text.__sram_write
                0x0000000080028ee0      0x148 C:/devkitPro/libogc/lib/wii\libogc.a(system.o)
 .text.__sram_writecallback
                0x0000000080029028       0x54 C:/devkitPro/libogc/lib/wii\libogc.a(system.o)
 .text.__mem_onreset
                0x000000008002907c       0x48 C:/devkitPro/libogc/lib/wii\libogc.a(system.o)
 .text.__unlocksram
                0x00000000800290c4      0x178 C:/devkitPro/libogc/lib/wii\libogc.a(system.o)
 .text.__syscall_sbrk_r
                0x000000008002923c        0x4 C:/devkitPro/libogc/lib/wii\libogc.a(system.o)
                0x000000008002923c                __syscall_sbrk_r
 .text.__syscall_lock_init
                0x0000000080029240        0x4 C:/devkitPro/libogc/lib/wii\libogc.a(system.o)
                0x0000000080029240                __syscall_lock_init
 .text.__syscall_lock_close
                0x0000000080029244        0x4 C:/devkitPro/libogc/lib/wii\libogc.a(system.o)
                0x0000000080029244                __syscall_lock_close
 .text.__syscall_lock_release
                0x0000000080029248        0x4 C:/devkitPro/libogc/lib/wii\libogc.a(system.o)
                0x0000000080029248                __syscall_lock_release
 .text.__syscall_lock_acquire
                0x000000008002924c        0x4 C:/devkitPro/libogc/lib/wii\libogc.a(system.o)
                0x000000008002924c                __syscall_lock_acquire
 .text.__syscall_malloc_lock
                0x0000000080029250        0x4 C:/devkitPro/libogc/lib/wii\libogc.a(system.o)
                0x0000000080029250                __syscall_malloc_lock
 .text.__syscall_malloc_unlock
                0x0000000080029254        0x4 C:/devkitPro/libogc/lib/wii\libogc.a(system.o)
                0x0000000080029254                __syscall_malloc_unlock
 .text.__syscall_nanosleep
                0x0000000080029258        0x4 C:/devkitPro/libogc/lib/wii\libogc.a(system.o)
                0x0000000080029258                __syscall_nanosleep
 .text.__SYS_GetRTC
                0x000000008002925c       0xd4 C:/devkitPro/libogc/lib/wii\libogc.a(system.o)
                0x000000008002925c                __SYS_GetRTC
 .text.__SYS_GetIPCBufferLo
                0x0000000080029330        0x8 C:/devkitPro/libogc/lib/wii\libogc.a(system.o)
                0x0000000080029330                __SYS_GetIPCBufferLo
 .text.__SYS_GetIPCBufferHi
                0x0000000080029338        0x8 C:/devkitPro/libogc/lib/wii\libogc.a(system.o)
                0x0000000080029338                __SYS_GetIPCBufferHi
 .text.__SYS_DoPowerCB
                0x0000000080029340       0x74 C:/devkitPro/libogc/lib/wii\libogc.a(system.o)
                0x0000000080029340                __SYS_DoPowerCB
 .text.__SYS_PreInit
                0x00000000800293b4        0x4 C:/devkitPro/libogc/lib/wii\libogc.a(system.o)
                0x00000000800293b4                __SYS_PreInit
 .text.SYS_PreMain
                0x00000000800293b8       0xb4 C:/devkitPro/libogc/lib/wii\libogc.a(system.o)
                0x00000000800293b8                SYS_PreMain
 .text.SYS_ResetButtonDown
                0x000000008002946c       0x18 C:/devkitPro/libogc/lib/wii\libogc.a(system.o)
                0x000000008002946c                SYS_ResetButtonDown
 .text.SYS_ResetSystem
                0x0000000080029484      0x210 C:/devkitPro/libogc/lib/wii\libogc.a(system.o)
                0x0000000080029484                SYS_ResetSystem
 .text.__reload
                0x0000000080029694       0x80 C:/devkitPro/libogc/lib/wii\libogc.a(system.o)
                0x0000000080029694                __reload
 .text.__syscall_exit
                0x0000000080029714       0x88 C:/devkitPro/libogc/lib/wii\libogc.a(system.o)
                0x0000000080029714                __syscall_exit
 .text.SYS_RegisterResetFunc
                0x000000008002979c       0x78 C:/devkitPro/libogc/lib/wii\libogc.a(system.o)
                0x000000008002979c                SYS_RegisterResetFunc
 .text.SYS_SetArena1Lo
                0x0000000080029814       0x38 C:/devkitPro/libogc/lib/wii\libogc.a(system.o)
                0x0000000080029814                SYS_SetArena1Lo
 .text.SYS_GetArena1Lo
                0x000000008002984c       0x38 C:/devkitPro/libogc/lib/wii\libogc.a(system.o)
                0x000000008002984c                SYS_GetArena1Lo
 .text.SYS_GetArena1Hi
                0x0000000080029884       0x38 C:/devkitPro/libogc/lib/wii\libogc.a(system.o)
                0x0000000080029884                SYS_GetArena1Hi
 .text.SYS_SetArena2Lo
                0x00000000800298bc       0x38 C:/devkitPro/libogc/lib/wii\libogc.a(system.o)
                0x00000000800298bc                SYS_SetArena2Lo
 .text.SYS_GetArena2Lo
                0x00000000800298f4       0x38 C:/devkitPro/libogc/lib/wii\libogc.a(system.o)
                0x00000000800298f4                SYS_GetArena2Lo
 .text.SYS_SetArena2Hi
                0x000000008002992c       0x38 C:/devkitPro/libogc/lib/wii\libogc.a(system.o)
                0x000000008002992c                SYS_SetArena2Hi
 .text.SYS_GetArena2Hi
                0x0000000080029964       0x38 C:/devkitPro/libogc/lib/wii\libogc.a(system.o)
                0x0000000080029964                SYS_GetArena2Hi
 .text.SYS_AllocateFramebuffer
                0x000000008002999c       0x28 C:/devkitPro/libogc/lib/wii\libogc.a(system.o)
                0x000000008002999c                SYS_AllocateFramebuffer
 .text.SYS_CreateAlarm
                0x00000000800299c4      0x10c C:/devkitPro/libogc/lib/wii\libogc.a(system.o)
                0x00000000800299c4                SYS_CreateAlarm
 .text.SYS_SetAlarm
                0x0000000080029ad0      0x1b0 C:/devkitPro/libogc/lib/wii\libogc.a(system.o)
                0x0000000080029ad0                SYS_SetAlarm
 .text.SYS_SetPeriodicAlarm
                0x0000000080029c80      0x228 C:/devkitPro/libogc/lib/wii\libogc.a(system.o)
                0x0000000080029c80                SYS_SetPeriodicAlarm
 .text.SYS_RemoveAlarm
                0x0000000080029ea8      0x12c C:/devkitPro/libogc/lib/wii\libogc.a(system.o)
                0x0000000080029ea8                SYS_RemoveAlarm
 .text.SYS_CancelAlarm
                0x0000000080029fd4       0xdc C:/devkitPro/libogc/lib/wii\libogc.a(system.o)
                0x0000000080029fd4                SYS_CancelAlarm
 .text.SYS_SetWirelessID
                0x000000008002a0b0       0x94 C:/devkitPro/libogc/lib/wii\libogc.a(system.o)
                0x000000008002a0b0                SYS_SetWirelessID
 .text.SYS_GetWirelessID
                0x000000008002a144       0x90 C:/devkitPro/libogc/lib/wii\libogc.a(system.o)
                0x000000008002a144                SYS_GetWirelessID
 .text.SYS_SetGBSMode
                0x000000008002a1d4       0xa8 C:/devkitPro/libogc/lib/wii\libogc.a(system.o)
                0x000000008002a1d4                SYS_SetGBSMode
 .text.__sram_init
                0x000000008002a27c      0x1b0 C:/devkitPro/libogc/lib/wii\libogc.a(system.o)
                0x000000008002a27c                __sram_init
 .text.SYS_Init
                0x000000008002a42c      0x5f0 C:/devkitPro/libogc/lib/wii\libogc.a(system.o)
                0x000000008002a42c                SYS_Init
 .text.SYS_GetHollywoodRevision
                0x000000008002aa1c       0x3c C:/devkitPro/libogc/lib/wii\libogc.a(system.o)
                0x000000008002aa1c                SYS_GetHollywoodRevision
 .text.__lwp_cond_init
                0x000000008002aa58       0x14 C:/devkitPro/libogc/lib/wii\libogc.a(cond.o)
                0x000000008002aa58                __lwp_cond_init
 .text.__decrementer_init
                0x000000008002aa6c        0x4 C:/devkitPro/libogc/lib/wii\libogc.a(decrementer.o)
                0x000000008002aa6c                __decrementer_init
 .text.c_decrementer_handler
                0x000000008002aa70        0xc C:/devkitPro/libogc/lib/wii\libogc.a(decrementer.o)
                0x000000008002aa70                c_decrementer_handler
 .text.__lwp_mqbox_init
                0x000000008002aa7c       0x14 C:/devkitPro/libogc/lib/wii\libogc.a(message.o)
                0x000000008002aa7c                __lwp_mqbox_init
 .text.__si_transfer
                0x000000008002aa90      0x188 C:/devkitPro/libogc/lib/wii\libogc.a(si.o)
 .text.__si_alarmhandler
                0x000000008002ac18      0x10c C:/devkitPro/libogc/lib/wii\libogc.a(si.o)
 .text.__si_completetransfer
                0x000000008002ad24      0x1f8 C:/devkitPro/libogc/lib/wii\libogc.a(si.o)
 .text.__si_transfernext
                0x000000008002af1c      0x294 C:/devkitPro/libogc/lib/wii\libogc.a(si.o)
 .text.SI_Busy  0x000000008002b1b0       0x18 C:/devkitPro/libogc/lib/wii\libogc.a(si.o)
                0x000000008002b1b0                SI_Busy
 .text.SI_IsChanBusy
                0x000000008002b1c8       0x38 C:/devkitPro/libogc/lib/wii\libogc.a(si.o)
                0x000000008002b1c8                SI_IsChanBusy
 .text.SI_SetXY
                0x000000008002b200       0x64 C:/devkitPro/libogc/lib/wii\libogc.a(si.o)
                0x000000008002b200                SI_SetXY
 .text.SI_EnablePolling
                0x000000008002b264       0x80 C:/devkitPro/libogc/lib/wii\libogc.a(si.o)
                0x000000008002b264                SI_EnablePolling
 .text.SI_DisablePolling
                0x000000008002b2e4       0x58 C:/devkitPro/libogc/lib/wii\libogc.a(si.o)
                0x000000008002b2e4                SI_DisablePolling
 .text.SI_SetSamplingRate
                0x000000008002b33c       0xdc C:/devkitPro/libogc/lib/wii\libogc.a(si.o)
                0x000000008002b33c                SI_SetSamplingRate
 .text.SI_RefreshSamplingRate
                0x000000008002b418        0x8 C:/devkitPro/libogc/lib/wii\libogc.a(si.o)
                0x000000008002b418                SI_RefreshSamplingRate
 .text.SI_GetStatus
                0x000000008002b420       0x78 C:/devkitPro/libogc/lib/wii\libogc.a(si.o)
                0x000000008002b420                SI_GetStatus
 .text.SI_GetResponseRaw
                0x000000008002b498       0xe8 C:/devkitPro/libogc/lib/wii\libogc.a(si.o)
                0x000000008002b498                SI_GetResponseRaw
 .text.SI_GetResponse
                0x000000008002b580       0xb8 C:/devkitPro/libogc/lib/wii\libogc.a(si.o)
                0x000000008002b580                SI_GetResponse
 .text.SI_SetCommand
                0x000000008002b638       0x10 C:/devkitPro/libogc/lib/wii\libogc.a(si.o)
                0x000000008002b638                SI_SetCommand
 .text.SI_Transfer
                0x000000008002b648      0x250 C:/devkitPro/libogc/lib/wii\libogc.a(si.o)
                0x000000008002b648                SI_Transfer
 .text.__si_gettypecallback
                0x000000008002b898      0x2c4 C:/devkitPro/libogc/lib/wii\libogc.a(si.o)
 .text.__si_interrupthandler
                0x000000008002bb5c      0x2bc C:/devkitPro/libogc/lib/wii\libogc.a(si.o)
 .text.SI_GetType
                0x000000008002be18      0x214 C:/devkitPro/libogc/lib/wii\libogc.a(si.o)
                0x000000008002be18                SI_GetType
 .text.SI_GetTypeAsync
                0x000000008002c02c      0x1a4 C:/devkitPro/libogc/lib/wii\libogc.a(si.o)
                0x000000008002c02c                SI_GetTypeAsync
 .text.SI_EnablePollingInterrupt
                0x000000008002c1d0       0x80 C:/devkitPro/libogc/lib/wii\libogc.a(si.o)
                0x000000008002c1d0                SI_EnablePollingInterrupt
 .text.SI_UnregisterPollingHandler
                0x000000008002c250      0x118 C:/devkitPro/libogc/lib/wii\libogc.a(si.o)
                0x000000008002c250                SI_UnregisterPollingHandler
 .text.__si_init
                0x000000008002c368       0xe8 C:/devkitPro/libogc/lib/wii\libogc.a(si.o)
                0x000000008002c368                __si_init
 .text.__ipc_sendrequest.part.0
                0x000000008002c450       0xe4 C:/devkitPro/libogc/lib/wii\libogc.a(ipc.o)
 .text.__ipc_syncrequest
                0x000000008002c534       0xec C:/devkitPro/libogc/lib/wii\libogc.a(ipc.o)
 .text.__ioctlvfmtCB
                0x000000008002c620      0x158 C:/devkitPro/libogc/lib/wii\libogc.a(ipc.o)
 .text.__ios_ioctlvformat_parse
                0x000000008002c778      0x818 C:/devkitPro/libogc/lib/wii\libogc.a(ipc.o)
 .text.__ipc_asyncrequest
                0x000000008002cf90      0x150 C:/devkitPro/libogc/lib/wii\libogc.a(ipc.o)
 .text.__ipc_interrupthandler
                0x000000008002d0e0      0x354 C:/devkitPro/libogc/lib/wii\libogc.a(ipc.o)
 .text.iosCreateHeap
                0x000000008002d434      0x284 C:/devkitPro/libogc/lib/wii\libogc.a(ipc.o)
                0x000000008002d434                iosCreateHeap
 .text.iosAlloc
                0x000000008002d6b8       0x30 C:/devkitPro/libogc/lib/wii\libogc.a(ipc.o)
                0x000000008002d6b8                iosAlloc
 .text.iosFree  0x000000008002d6e8       0x28 C:/devkitPro/libogc/lib/wii\libogc.a(ipc.o)
                0x000000008002d6e8                iosFree
 .text.__IPC_ClntInit
                0x000000008002d710       0xc8 C:/devkitPro/libogc/lib/wii\libogc.a(ipc.o)
                0x000000008002d710                __IPC_ClntInit
 .text.IOS_Open
                0x000000008002d7d8      0x110 C:/devkitPro/libogc/lib/wii\libogc.a(ipc.o)
                0x000000008002d7d8                IOS_Open
 .text.IOS_Close
                0x000000008002d8e8       0xf0 C:/devkitPro/libogc/lib/wii\libogc.a(ipc.o)
                0x000000008002d8e8                IOS_Close
 .text.IOS_CloseAsync
                0x000000008002d9d8       0xb4 C:/devkitPro/libogc/lib/wii\libogc.a(ipc.o)
                0x000000008002d9d8                IOS_CloseAsync
 .text.IOS_Read
                0x000000008002da8c      0x10c C:/devkitPro/libogc/lib/wii\libogc.a(ipc.o)
                0x000000008002da8c                IOS_Read
 .text.IOS_Write
                0x000000008002db98      0x10c C:/devkitPro/libogc/lib/wii\libogc.a(ipc.o)
                0x000000008002db98                IOS_Write
 .text.IOS_Ioctl
                0x000000008002dca4      0x158 C:/devkitPro/libogc/lib/wii\libogc.a(ipc.o)
                0x000000008002dca4                IOS_Ioctl
 .text.IOS_IoctlAsync
                0x000000008002ddfc      0x148 C:/devkitPro/libogc/lib/wii\libogc.a(ipc.o)
                0x000000008002ddfc                IOS_IoctlAsync
 .text.IOS_Ioctlv
                0x000000008002df44      0x1f0 C:/devkitPro/libogc/lib/wii\libogc.a(ipc.o)
                0x000000008002df44                IOS_Ioctlv
 .text.IOS_IoctlvAsync
                0x000000008002e134      0x1d4 C:/devkitPro/libogc/lib/wii\libogc.a(ipc.o)
                0x000000008002e134                IOS_IoctlvAsync
 .text.IOS_IoctlvFormat
                0x000000008002e308      0x16c C:/devkitPro/libogc/lib/wii\libogc.a(ipc.o)
                0x000000008002e308                IOS_IoctlvFormat
 .text.IOS_IoctlvReboot
                0x000000008002e474      0x1f4 C:/devkitPro/libogc/lib/wii\libogc.a(ipc.o)
                0x000000008002e474                IOS_IoctlvReboot
 .text.gettick  0x000000008002e668        0x8 C:/devkitPro/libogc/lib/wii\libogc.a(timesupp.o)
                0x000000008002e668                gettick
 .text.gettime  0x000000008002e670       0x18 C:/devkitPro/libogc/lib/wii\libogc.a(timesupp.o)
                0x000000008002e670                gettime
 .text.settime  0x000000008002e688       0x14 C:/devkitPro/libogc/lib/wii\libogc.a(timesupp.o)
                0x000000008002e688                settime
 .text.diff_usec
                0x000000008002e69c       0x88 C:/devkitPro/libogc/lib/wii\libogc.a(timesupp.o)
                0x000000008002e69c                diff_usec
 .text.__timesystem_init
                0x000000008002e724       0x1c C:/devkitPro/libogc/lib/wii\libogc.a(timesupp.o)
                0x000000008002e724                __timesystem_init
 .text.udelay   0x000000008002e740       0xac C:/devkitPro/libogc/lib/wii\libogc.a(timesupp.o)
                0x000000008002e740                udelay
 .text.__libogc_nanosleep
                0x000000008002e7ec      0x154 C:/devkitPro/libogc/lib/wii\libogc.a(timesupp.o)
                0x000000008002e7ec                __libogc_nanosleep
 .text.__libogc_lock_init
                0x000000008002e940       0x78 C:/devkitPro/libogc/lib/wii\libogc.a(lock_supp.o)
                0x000000008002e940                __libogc_lock_init
 .text.__libogc_lock_close
                0x000000008002e9b8       0x64 C:/devkitPro/libogc/lib/wii\libogc.a(lock_supp.o)
                0x000000008002e9b8                __libogc_lock_close
 .text.__libogc_lock_acquire
                0x000000008002ea1c       0x20 C:/devkitPro/libogc/lib/wii\libogc.a(lock_supp.o)
                0x000000008002ea1c                __libogc_lock_acquire
 .text.__libogc_lock_release
                0x000000008002ea3c       0x20 C:/devkitPro/libogc/lib/wii\libogc.a(lock_supp.o)
                0x000000008002ea3c                __libogc_lock_release
 .text.__libc_create_hook
                0x000000008002ea5c       0x10 C:/devkitPro/libogc/lib/wii\libogc.a(newlibc.o)
                0x000000008002ea5c                __libc_create_hook
 .text.__libc_start_hook
                0x000000008002ea6c       0x9c C:/devkitPro/libogc/lib/wii\libogc.a(newlibc.o)
                0x000000008002ea6c                __libc_start_hook
 .text.__libc_delete_hook
                0x000000008002eb08      0x108 C:/devkitPro/libogc/lib/wii\libogc.a(newlibc.o)
                0x000000008002eb08                __libc_delete_hook
 .text.__libc_init
                0x000000008002ec10       0xb0 C:/devkitPro/libogc/lib/wii\libogc.a(newlibc.o)
                0x000000008002ec10                __libc_init
 .text.__usbgecko_exi_unlock
                0x000000008002ecc0       0x34 C:/devkitPro/libogc/lib/wii\libogc.a(usbgecko.o)
 .text.usb_isgeckoalive
                0x000000008002ecf4      0x1c0 C:/devkitPro/libogc/lib/wii\libogc.a(usbgecko.o)
                0x000000008002ecf4                usb_isgeckoalive
 .text.usb_sendbuffer_ex
                0x000000008002eeb4      0x214 C:/devkitPro/libogc/lib/wii\libogc.a(usbgecko.o)
                0x000000008002eeb4                usb_sendbuffer_ex
 .text.usb_sendbuffer
                0x000000008002f0c8        0x8 C:/devkitPro/libogc/lib/wii\libogc.a(usbgecko.o)
                0x000000008002f0c8                usb_sendbuffer
 .text.usb_sendbuffer_safe_ex
                0x000000008002f0d0      0x29c C:/devkitPro/libogc/lib/wii\libogc.a(usbgecko.o)
                0x000000008002f0d0                usb_sendbuffer_safe_ex
 .text.usb_sendbuffer_safe
                0x000000008002f36c        0x8 C:/devkitPro/libogc/lib/wii\libogc.a(usbgecko.o)
                0x000000008002f36c                usb_sendbuffer_safe
 .text.__libogc_sbrk_r
                0x000000008002f374      0x29c C:/devkitPro/libogc/lib/wii\libogc.a(sbrk.o)
                0x000000008002f374                __libogc_sbrk_r
 .text.__memlock_init
                0x000000008002f610       0x7c C:/devkitPro/libogc/lib/wii\libogc.a(malloc_lock.o)
                0x000000008002f610                __memlock_init
 .text.__libogc_malloc_lock
                0x000000008002f68c      0x1f8 C:/devkitPro/libogc/lib/wii\libogc.a(malloc_lock.o)
                0x000000008002f68c                __libogc_malloc_lock
 .text.__libogc_malloc_unlock
                0x000000008002f884       0x64 C:/devkitPro/libogc/lib/wii\libogc.a(malloc_lock.o)
                0x000000008002f884                __libogc_malloc_unlock
 .text.__STM_SetEventHook
                0x000000008002f8e8       0xb0 C:/devkitPro/libogc/lib/wii\libogc.a(stm.o)
                0x000000008002f8e8                __STM_SetEventHook
 .text.__STM_Init
                0x000000008002f998       0x94 C:/devkitPro/libogc/lib/wii\libogc.a(stm.o)
                0x000000008002f998                __STM_Init
 .text.__STMEventHandler
                0x000000008002fa2c       0x60 C:/devkitPro/libogc/lib/wii\libogc.a(stm.o)
 .text.__STM_ReleaseEventHook
                0x000000008002fa8c       0x80 C:/devkitPro/libogc/lib/wii\libogc.a(stm.o)
                0x000000008002fa8c                __STM_ReleaseEventHook
 .text.__STM_Close
                0x000000008002fb0c       0xac C:/devkitPro/libogc/lib/wii\libogc.a(stm.o)
                0x000000008002fb0c                __STM_Close
 .text.STM_RegisterEventHandler
                0x000000008002fbb8       0x10 C:/devkitPro/libogc/lib/wii\libogc.a(stm.o)
                0x000000008002fbb8                STM_RegisterEventHandler
 .text.STM_ShutdownToStandby
                0x000000008002fbc8       0x50 C:/devkitPro/libogc/lib/wii\libogc.a(stm.o)
                0x000000008002fbc8                STM_ShutdownToStandby
 .text.STM_ShutdownToIdle
                0x000000008002fc18       0x70 C:/devkitPro/libogc/lib/wii\libogc.a(stm.o)
                0x000000008002fc18                STM_ShutdownToIdle
 .text.STM_SetLedMode
                0x000000008002fc88       0x40 C:/devkitPro/libogc/lib/wii\libogc.a(stm.o)
                0x000000008002fc88                STM_SetLedMode
 .text.STM_RebootSystem
                0x000000008002fcc8       0x50 C:/devkitPro/libogc/lib/wii\libogc.a(stm.o)
                0x000000008002fcc8                STM_RebootSystem
 .text.__IOS_InitializeSubsystems
                0x000000008002fd18       0x44 C:/devkitPro/libogc/lib/wii\libogc.a(ios.o)
                0x000000008002fd18                __IOS_InitializeSubsystems
 .text.__IOS_ShutdownSubsystems
                0x000000008002fd5c       0x44 C:/devkitPro/libogc/lib/wii\libogc.a(ios.o)
                0x000000008002fd5c                __IOS_ShutdownSubsystems
 .text.__IOS_LoadStartupIOS
                0x000000008002fda0        0x8 C:/devkitPro/libogc/lib/wii\libogc.a(ios.o)
                0x000000008002fda0                __IOS_LoadStartupIOS
 .text._ES_fstat_r
                0x000000008002fda8      0x120 C:/devkitPro/libogc/lib/wii\libogc.a(es.o)
 .text._ES_seek_r
                0x000000008002fec8       0xe4 C:/devkitPro/libogc/lib/wii\libogc.a(es.o)
 .text._ES_close_r
                0x000000008002ffac       0xb4 C:/devkitPro/libogc/lib/wii\libogc.a(es.o)
 .text.__ES_Init
                0x0000000080030060       0x78 C:/devkitPro/libogc/lib/wii\libogc.a(es.o)
                0x0000000080030060                __ES_Init
 .text.__ES_Close
                0x00000000800300d8       0x54 C:/devkitPro/libogc/lib/wii\libogc.a(es.o)
                0x00000000800300d8                __ES_Close
 .text.ES_GetTitleID
                0x000000008003012c       0x94 C:/devkitPro/libogc/lib/wii\libogc.a(es.o)
                0x000000008003012c                ES_GetTitleID
 .text.ES_LaunchTitle
                0x00000000800301c0       0xa4 C:/devkitPro/libogc/lib/wii\libogc.a(es.o)
                0x00000000800301c0                ES_LaunchTitle
 .text.ES_GetNumTicketViews
                0x0000000080030264       0x98 C:/devkitPro/libogc/lib/wii\libogc.a(es.o)
                0x0000000080030264                ES_GetNumTicketViews
 .text.ES_GetTicketViews
                0x00000000800302fc       0x8c C:/devkitPro/libogc/lib/wii\libogc.a(es.o)
                0x00000000800302fc                ES_GetTicketViews
 .text.ES_GetStoredTMD
                0x0000000080030388       0x90 C:/devkitPro/libogc/lib/wii\libogc.a(es.o)
                0x0000000080030388                ES_GetStoredTMD
 .text._ES_decodepath
                0x0000000080030418      0x3c8 C:/devkitPro/libogc/lib/wii\libogc.a(es.o)
 .text._ES_stat_r
                0x00000000800307e0       0xf8 C:/devkitPro/libogc/lib/wii\libogc.a(es.o)
 .text._ES_open_r
                0x00000000800308d8      0x1c8 C:/devkitPro/libogc/lib/wii\libogc.a(es.o)
 .text.ES_ReadContent
                0x0000000080030aa0       0x6c C:/devkitPro/libogc/lib/wii\libogc.a(es.o)
                0x0000000080030aa0                ES_ReadContent
 .text._ES_read_r
                0x0000000080030b0c      0x1bc C:/devkitPro/libogc/lib/wii\libogc.a(es.o)
 .text.__usbv5_messageCB
                0x0000000080030cc8       0x5c C:/devkitPro/libogc/lib/wii\libogc.a(usb.o)
 .text.__usbv0_messageCB
                0x0000000080030d24       0xa8 C:/devkitPro/libogc/lib/wii\libogc.a(usb.o)
 .text.__usb_control_message
                0x0000000080030dcc      0x48c C:/devkitPro/libogc/lib/wii\libogc.a(usb.o)
 .text.__usb_interrupt_bulk_message
                0x0000000080031258      0x2c4 C:/devkitPro/libogc/lib/wii\libogc.a(usb.o)
 .text.__usbv5_devicechangeCB
                0x000000008003151c      0x180 C:/devkitPro/libogc/lib/wii\libogc.a(usb.o)
 .text.__usbv5_attachfinishCB
                0x000000008003169c       0xec C:/devkitPro/libogc/lib/wii\libogc.a(usb.o)
 .text.USB_FreeDescriptors.part.0
                0x0000000080031788       0xfc C:/devkitPro/libogc/lib/wii\libogc.a(usb.o)
 .text.USB_GetDescriptors.part.0
                0x0000000080031884      0x69c C:/devkitPro/libogc/lib/wii\libogc.a(usb.o)
 .text.USBV5_SuspendResume
                0x0000000080031f20      0x138 C:/devkitPro/libogc/lib/wii\libogc.a(usb.o)
 .text.USBV5_GetDescriptors
                0x0000000080032058      0x518 C:/devkitPro/libogc/lib/wii\libogc.a(usb.o)
 .text.USB_Deinitialize
                0x0000000080032570       0xc8 C:/devkitPro/libogc/lib/wii\libogc.a(usb.o)
                0x0000000080032570                USB_Deinitialize
 .text.USB_Initialize
                0x0000000080032638      0x2f0 C:/devkitPro/libogc/lib/wii\libogc.a(usb.o)
                0x0000000080032638                USB_Initialize
 .text.USB_OpenDevice
                0x0000000080032928      0x2b4 C:/devkitPro/libogc/lib/wii\libogc.a(usb.o)
                0x0000000080032928                USB_OpenDevice
 .text.USBV5_CloseDevice
                0x0000000080032bdc      0x138 C:/devkitPro/libogc/lib/wii\libogc.a(usb.o)
                0x0000000080032bdc                USBV5_CloseDevice
 .text.USB_CloseDeviceAsync
                0x0000000080032d14       0xd0 C:/devkitPro/libogc/lib/wii\libogc.a(usb.o)
                0x0000000080032d14                USB_CloseDeviceAsync
 .text.USB_ReadIntrMsgAsync
                0x0000000080032de4       0x28 C:/devkitPro/libogc/lib/wii\libogc.a(usb.o)
                0x0000000080032de4                USB_ReadIntrMsgAsync
 .text.USB_ReadBlkMsgAsync
                0x0000000080032e0c       0x28 C:/devkitPro/libogc/lib/wii\libogc.a(usb.o)
                0x0000000080032e0c                USB_ReadBlkMsgAsync
 .text.USB_WriteBlkMsgAsync
                0x0000000080032e34       0x28 C:/devkitPro/libogc/lib/wii\libogc.a(usb.o)
                0x0000000080032e34                USB_WriteBlkMsgAsync
 .text.USB_WriteCtrlMsgAsync
                0x0000000080032e5c        0x4 C:/devkitPro/libogc/lib/wii\libogc.a(usb.o)
                0x0000000080032e5c                USB_WriteCtrlMsgAsync
 .text.__CheckARGV
                0x0000000080032e60       0x80 C:/devkitPro/libogc/lib/wii\libogc.a(argv.o)
                0x0000000080032e60                __CheckARGV
 .text.CONF_Init
                0x0000000080032ee0      0x168 C:/devkitPro/libogc/lib/wii\libogc.a(conf.o)
                0x0000000080032ee0                CONF_Init
 .text.__CONF_GetTxt
                0x0000000080033048      0x1bc C:/devkitPro/libogc/lib/wii\libogc.a(conf.o)
                0x0000000080033048                __CONF_GetTxt
 .text.__CONF_Find
                0x0000000080033204       0xfc C:/devkitPro/libogc/lib/wii\libogc.a(conf.o)
                0x0000000080033204                __CONF_Find
 .text.CONF_GetLength
                0x0000000080033300      0x12c C:/devkitPro/libogc/lib/wii\libogc.a(conf.o)
                0x0000000080033300                CONF_GetLength
 .text.CONF_Get
                0x000000008003342c      0x13c C:/devkitPro/libogc/lib/wii\libogc.a(conf.o)
                0x000000008003342c                CONF_Get
 .text.CONF_GetShutdownMode
                0x0000000080033568       0x54 C:/devkitPro/libogc/lib/wii\libogc.a(conf.o)
                0x0000000080033568                CONF_GetShutdownMode
 .text.CONF_GetIdleLedMode
                0x00000000800335bc       0x54 C:/devkitPro/libogc/lib/wii\libogc.a(conf.o)
                0x00000000800335bc                CONF_GetIdleLedMode
 .text.CONF_GetProgressiveScan
                0x0000000080033610       0x54 C:/devkitPro/libogc/lib/wii\libogc.a(conf.o)
                0x0000000080033610                CONF_GetProgressiveScan
 .text.CONF_GetEuRGB60